<html>
<body>
<pre>
<h1>µVision Build Log</h1>
<h2>Tool Versions:</h2>
IDE-Version: ¦ÌVision V5.17.0.0
Copyright (C) 2015 ARM Ltd and ARM Germany GmbH. All rights reserved.
License Information:  ,  , LIC=VGXG8-34LUE-12MLE-5QCHS-MU3XV-AY41G
 
Tool Versions:
Toolchain:       MDK-ARM Standard  Version: 5.17
Toolchain Path:  F:\Learning soft\keil_v5\ARM\ARMCC\Bin
C Compiler:      Armcc.exe V5.06 update 1 (build 61)
Assembler:       Armasm.exe V5.06 update 1 (build 61)
Linker/Locator:  ArmLink.exe V5.06 update 1 (build 61)
Library Manager: ArmAr.exe V5.06 update 1 (build 61)
Hex Converter:   FromElf.exe V5.06 update 1 (build 61)
CPU DLL:         SARMCM3.DLL V5.17
Dialog DLL:      DCM.DLL V1.13.4.0
Target DLL:      CMSIS_AGDI.dll V1.23.1.0
Dialog DLL:      TCM.DLL V1.14.6.0
 
<h2>Project:</h2>
F:\Learning soft\STM32Cube\Projects\ECG\ECG_v1\MDK-ARM\ECG_v1.uvprojx
Project File Date:  12/15/2023

<h2>Output:</h2>
*** Using Compiler 'V5.06 update 1 (build 61)', folder: 'F:\Learning soft\keil_v5\ARM\ARMCC\Bin'
Build target 'ECG_v1'
compiling MessageTR.c...
compiling WaveOperate.c...
..\User\GJH\Src\WaveOperate.c(171): warning:  #177-D: variable "temp" was declared but never referenced
      float temp;
..\User\GJH\Src\WaveOperate.c: 1 warning, 0 errors
compiling stm32f4xx_it.c...
linking...
Program Size: Code=22088 RO-data=111560 RW-data=148 ZI-data=199092  
FromELF: creating hex file...
"ECG_v1\ECG_v1.axf" - 0 Error(s), 1 Warning(s).

<h2>Software Packages used:</h2>

Package Vendor: ARM
                http://www.keil.com/pack/ARM.CMSIS.4.5.0.pack
                ARM::CMSIS:CORE:4.3.0
                CMSIS (Cortex Microcontroller Software Interface Standard)
   * Component: CORE Version: 4.3.0

<h2>Collection of Component include folders:</h2>
  F:\Learning soft\STM32Cube\Projects\ECG\ECG_v1\MDK-ARM\RTE
  F:\Learning soft\keil_v5\ARM\PACK\ARM\CMSIS\4.5.0\CMSIS\Include
  F:\Learning soft\keil_v5\ARM\PACK\Keil\STM32F4xx_DFP\2.11.0\Drivers\CMSIS\Device\ST\STM32F4xx\Include

<h2>Collection of Component Files used:</h2>

   * Component: ARM::CMSIS:CORE:4.3.0
Build Time Elapsed:  00:00:05
</pre>
</body>
</html>
