Component: ARM Compiler 5.06 update 1 (build 61) Tool: armlink [4d35a8]

==============================================================================

Section Cross References

    startup_stm32f429xx.o(RESET) refers to startup_stm32f429xx.o(STACK) for __initial_sp
    startup_stm32f429xx.o(RESET) refers to startup_stm32f429xx.o(.text) for Reset_Handler
    startup_stm32f429xx.o(RESET) refers to stm32f4xx_it.o(i.NMI_Handler) for NMI_Handler
    startup_stm32f429xx.o(RESET) refers to stm32f4xx_it.o(i.HardFault_Handler) for HardFault_Handler
    startup_stm32f429xx.o(RESET) refers to stm32f4xx_it.o(i.MemManage_Handler) for MemManage_Handler
    startup_stm32f429xx.o(RESET) refers to stm32f4xx_it.o(i.BusFault_Handler) for BusFault_Handler
    startup_stm32f429xx.o(RESET) refers to stm32f4xx_it.o(i.UsageFault_Handler) for UsageFault_Handler
    startup_stm32f429xx.o(RESET) refers to stm32f4xx_it.o(i.SVC_Handler) for SVC_Handler
    startup_stm32f429xx.o(RESET) refers to stm32f4xx_it.o(i.DebugMon_Handler) for DebugMon_Handler
    startup_stm32f429xx.o(RESET) refers to stm32f4xx_it.o(i.PendSV_Handler) for PendSV_Handler
    startup_stm32f429xx.o(RESET) refers to stm32f4xx_it.o(i.SysTick_Handler) for SysTick_Handler
    startup_stm32f429xx.o(RESET) refers to stm32f4xx_it.o(i.USART1_IRQHandler) for USART1_IRQHandler
    startup_stm32f429xx.o(RESET) refers to stm32f4xx_it.o(i.EXTI15_10_IRQHandler) for EXTI15_10_IRQHandler
    startup_stm32f429xx.o(RESET) refers to stm32f4xx_it.o(i.TIM6_DAC_IRQHandler) for TIM6_DAC_IRQHandler
    startup_stm32f429xx.o(RESET) refers to stm32f4xx_it.o(i.DMA2_Stream4_IRQHandler) for DMA2_Stream4_IRQHandler
    startup_stm32f429xx.o(.text) refers to system_stm32f4xx.o(i.SystemInit) for SystemInit
    startup_stm32f429xx.o(.text) refers to entry.o(.ARM.Collect$$$$00000000) for __main
    main.o(i.HAL_GPIO_EXTI_Callback) refers to ch455h.o(i.CH455_Read) for CH455_Read
    main.o(i.HAL_GPIO_EXTI_Callback) refers to key.o(i.GJH_Key_On) for GJH_Key_On
    main.o(i.HAL_GPIO_EXTI_Callback) refers to ch455h.o(i.CH455_Write) for CH455_Write
    main.o(i.HAL_UART_RxCpltCallback) refers to time.o(i.GJH_Get_Time) for GJH_Get_Time
    main.o(i.HAL_UART_RxCpltCallback) refers to stm32f4xx_hal_uart.o(i.HAL_UART_Receive_IT) for HAL_UART_Receive_IT
    main.o(i.HAL_UART_RxCpltCallback) refers to global.o(.data) for uart_rx_last_time
    main.o(i.HAL_UART_RxCpltCallback) refers to global.o(.data) for uart_res
    main.o(i.HAL_UART_RxCpltCallback) refers to global.o(.bss) for uart_rx_buff
    main.o(i.HAL_UART_RxCpltCallback) refers to global.o(.data) for uart_rx_counter
    main.o(i.HAL_UART_RxCpltCallback) refers to usart.o(.bss) for huart1
    main.o(i.SystemClock_Config) refers to memseta.o(.text) for __aeabi_memclr4
    main.o(i.SystemClock_Config) refers to stm32f4xx_hal_rcc.o(i.HAL_RCC_OscConfig) for HAL_RCC_OscConfig
    main.o(i.SystemClock_Config) refers to stm32f4xx_hal_pwr_ex.o(i.HAL_PWREx_EnableOverDrive) for HAL_PWREx_EnableOverDrive
    main.o(i.SystemClock_Config) refers to stm32f4xx_hal_rcc.o(i.HAL_RCC_ClockConfig) for HAL_RCC_ClockConfig
    main.o(i.main) refers to stm32f4xx_hal.o(i.HAL_Init) for HAL_Init
    main.o(i.main) refers to main.o(i.SystemClock_Config) for SystemClock_Config
    main.o(i.main) refers to gpio.o(i.MX_GPIO_Init) for MX_GPIO_Init
    main.o(i.main) refers to dma.o(i.MX_DMA_Init) for MX_DMA_Init
    main.o(i.main) refers to adc.o(i.MX_ADC1_Init) for MX_ADC1_Init
    main.o(i.main) refers to spi.o(i.MX_SPI5_Init) for MX_SPI5_Init
    main.o(i.main) refers to tim.o(i.MX_TIM6_Init) for MX_TIM6_Init
    main.o(i.main) refers to usart.o(i.MX_USART1_UART_Init) for MX_USART1_UART_Init
    main.o(i.main) refers to delay.o(i.delay_init) for delay_init
    main.o(i.main) refers to ch455h.o(i.CH455_Init) for CH455_Init
    main.o(i.main) refers to ch455h.o(i.CH455_Write) for CH455_Write
    main.o(i.main) refers to stm32f4xx_hal_uart.o(i.HAL_UART_Receive_IT) for HAL_UART_Receive_IT
    main.o(i.main) refers to stm32f4xx_hal_tim.o(i.HAL_TIM_Base_Start_IT) for HAL_TIM_Base_Start_IT
    main.o(i.main) refers to lcddraw.o(i.GJH_LCD_Init) for GJH_LCD_Init
    main.o(i.main) refers to waveoperate.o(i.GJH_Wave_Init) for GJH_Wave_Init
    main.o(i.main) refers to messagetr.o(i.GJH_TR_Init) for GJH_TR_Init
    main.o(i.main) refers to time.o(i.GJH_Get_D_Time) for GJH_Get_D_Time
    main.o(i.main) refers to signaldraw.o(i.GJH_Buff_UI_Draw) for GJH_Buff_UI_Draw
    main.o(i.main) refers to signaldraw.o(i.GJH_Buff_Wave_Draw) for GJH_Buff_Wave_Draw
    main.o(i.main) refers to signaldraw.o(i.GJH_Buff_FFT_Draw) for GJH_Buff_FFT_Draw
    main.o(i.main) refers to lcddraw.o(i.GJH_LCD_Show) for GJH_LCD_Show
    main.o(i.main) refers to global.o(.constdata) for bcd_num
    main.o(i.main) refers to global.o(.data) for uart_res
    main.o(i.main) refers to usart.o(.bss) for huart1
    main.o(i.main) refers to tim.o(.bss) for htim6
    main.o(i.main) refers to global.o(.data) for fps
[...]
    i.HAL_NVIC_SetPriorityGrouping           0x080037e0   Section        0  stm32f4xx_hal_cortex.o(i.HAL_NVIC_SetPriorityGrouping)
    i.HAL_PWREx_EnableOverDrive              0x08003804   Section        0  stm32f4xx_hal_pwr_ex.o(i.HAL_PWREx_EnableOverDrive)
    i.HAL_RCC_ClockConfig                    0x08003874   Section        0  stm32f4xx_hal_rcc.o(i.HAL_RCC_ClockConfig)
    i.HAL_RCC_GetPCLK1Freq                   0x080039a8   Section        0  stm32f4xx_hal_rcc.o(i.HAL_RCC_GetPCLK1Freq)
    i.HAL_RCC_GetPCLK2Freq                   0x080039c8   Section        0  stm32f4xx_hal_rcc.o(i.HAL_RCC_GetPCLK2Freq)
    i.HAL_RCC_GetSysClockFreq                0x080039e8   Section        0  stm32f4xx_hal_rcc.o(i.HAL_RCC_GetSysClockFreq)
    i.HAL_RCC_OscConfig                      0x08003a4c   Section        0  stm32f4xx_hal_rcc.o(i.HAL_RCC_OscConfig)
    i.HAL_SPI_ErrorCallback                  0x08003db8   Section        0  stm32f4xx_hal_spi.o(i.HAL_SPI_ErrorCallback)
    i.HAL_SPI_Init                           0x08003dba   Section        0  stm32f4xx_hal_spi.o(i.HAL_SPI_Init)
    i.HAL_SPI_MspInit                        0x08003e78   Section        0  spi.o(i.HAL_SPI_MspInit)
    i.HAL_SPI_Transmit                       0x08003f48   Section        0  stm32f4xx_hal_spi.o(i.HAL_SPI_Transmit)
    i.HAL_SPI_Transmit_DMA                   0x080040b0   Section        0  stm32f4xx_hal_spi.o(i.HAL_SPI_Transmit_DMA)
    i.HAL_SPI_TxCpltCallback                 0x08004188   Section        0  stm32f4xx_hal_spi.o(i.HAL_SPI_TxCpltCallback)
    i.HAL_SPI_TxHalfCpltCallback             0x0800418a   Section        0  stm32f4xx_hal_spi.o(i.HAL_SPI_TxHalfCpltCallback)
    i.HAL_SYSTICK_CLKSourceConfig            0x0800418c   Section        0  stm32f4xx_hal_cortex.o(i.HAL_SYSTICK_CLKSourceConfig)
    i.HAL_SYSTICK_Config                     0x080041a4   Section        0  stm32f4xx_hal_cortex.o(i.HAL_SYSTICK_Config)
    i.HAL_TIMEx_BreakCallback                0x080041cc   Section        0  stm32f4xx_hal_tim_ex.o(i.HAL_TIMEx_BreakCallback)
    i.HAL_TIMEx_CommutCallback               0x080041ce   Section        0  stm32f4xx_hal_tim_ex.o(i.HAL_TIMEx_CommutCallback)
    i.HAL_TIMEx_MasterConfigSynchronization  0x080041d0   Section        0  stm32f4xx_hal_tim_ex.o(i.HAL_TIMEx_MasterConfigSynchronization)
    i.HAL_TIM_Base_Init                      0x08004260   Section        0  stm32f4xx_hal_tim.o(i.HAL_TIM_Base_Init)
    i.HAL_TIM_Base_MspInit                   0x080042bc   Section        0  tim.o(i.HAL_TIM_Base_MspInit)
    i.HAL_TIM_Base_Start_IT                  0x080042f8   Section        0  stm32f4xx_hal_tim.o(i.HAL_TIM_Base_Start_IT)
    i.HAL_TIM_IC_CaptureCallback             0x08004378   Section        0  stm32f4xx_hal_tim.o(i.HAL_TIM_IC_CaptureCallback)
    i.HAL_TIM_IRQHandler                     0x0800437a   Section        0  stm32f4xx_hal_tim.o(i.HAL_TIM_IRQHandler)
    i.HAL_TIM_OC_DelayElapsedCallback        0x080044e0   Section        0  stm32f4xx_hal_tim.o(i.HAL_TIM_OC_DelayElapsedCallback)
    i.HAL_TIM_PWM_PulseFinishedCallback      0x080044e2   Section        0  stm32f4xx_hal_tim.o(i.HAL_TIM_PWM_PulseFinishedCallback)
    i.HAL_TIM_PeriodElapsedCallback          0x080044e4   Section        0  stm32f4xx_hal_tim.o(i.HAL_TIM_PeriodElapsedCallback)
    i.HAL_TIM_TriggerCallback                0x080044e6   Section        0  stm32f4xx_hal_tim.o(i.HAL_TIM_TriggerCallback)
    i.HAL_UARTEx_RxEventCallback             0x080044e8   Section        0  stm32f4xx_hal_uart.o(i.HAL_UARTEx_RxEventCallback)
    i.HAL_UART_ErrorCallback                 0x080044ea   Section        0  stm32f4xx_hal_uart.o(i.HAL_UART_ErrorCallback)
    i.HAL_UART_IRQHandler                    0x080044ec   Section        0  stm32f4xx_hal_uart.o(i.HAL_UART_IRQHandler)
    i.HAL_UART_Init                          0x08004754   Section        0  stm32f4xx_hal_uart.o(i.HAL_UART_Init)
    i.HAL_UART_MspInit                       0x080047b8   Section        0  usart.o(i.HAL_UART_MspInit)
    i.HAL_UART_Receive_IT                    0x08004834   Section        0  stm32f4xx_hal_uart.o(i.HAL_UART_Receive_IT)
    i.HAL_UART_RxCpltCallback                0x08004860   Section        0  main.o(i.HAL_UART_RxCpltCallback)
    i.HAL_UART_Transmit                      0x080048ac   Section        0  stm32f4xx_hal_uart.o(i.HAL_UART_Transmit)
    i.HAL_UART_TxCpltCallback                0x0800495e   Section        0  stm32f4xx_hal_uart.o(i.HAL_UART_TxCpltCallback)
    i.HardFault_Handler                      0x08004960   Section        0  stm32f4xx_it.o(i.HardFault_Handler)
    i.LCD_Address_Set                        0x08004962   Section        0  basedraw.o(i.LCD_Address_Set)
    i.LCD_WR_DATA                            0x0800499c   Section        0  basedraw.o(i.LCD_WR_DATA)
    i.LCD_WR_REG                             0x080049b0   Section        0  basedraw.o(i.LCD_WR_REG)
    i.LCD_Writ_Bus                           0x080049d8   Section        0  basedraw.o(i.LCD_Writ_Bus)
    i.MX_ADC1_Init                           0x080049f0   Section        0  adc.o(i.MX_ADC1_Init)
    i.MX_DMA_Init                            0x08004a54   Section        0  dma.o(i.MX_DMA_Init)
    i.MX_GPIO_Init                           0x08004a80   Section        0  gpio.o(i.MX_GPIO_Init)
    i.MX_SPI5_Init                           0x08004bb4   Section        0  spi.o(i.MX_SPI5_Init)
    i.MX_TIM6_Init                           0x08004bf8   Section        0  tim.o(i.MX_TIM6_Init)
    i.MX_USART1_UART_Init                    0x08004c3c   Section        0  usart.o(i.MX_USART1_UART_Init)
    i.MemManage_Handler                      0x08004c74   Section        0  stm32f4xx_it.o(i.MemManage_Handler)
    i.NMI_Handler                            0x08004c76   Section        0  stm32f4xx_it.o(i.NMI_Handler)
    i.PendSV_Handler                         0x08004c78   Section        0  stm32f4xx_it.o(i.PendSV_Handler)
    i.SPI_DMAError                           0x08004c7a   Section        0  stm32f4xx_hal_spi.o(i.SPI_DMAError)
    SPI_DMAError                             0x08004c7b   Thumb Code    34  stm32f4xx_hal_spi.o(i.SPI_DMAError)
    i.SPI_DMAHalfTransmitCplt                0x08004c9c   Section        0  stm32f4xx_hal_spi.o(i.SPI_DMAHalfTransmitCplt)
    SPI_DMAHalfTransmitCplt                  0x08004c9d   Thumb Code    10  stm32f4xx_hal_spi.o(i.SPI_DMAHalfTransmitCplt)
    i.SPI_DMATransmitCplt                    0x08004ca6   Section        0  stm32f4xx_hal_spi.o(i.SPI_DMATransmitCplt)
    SPI_DMATransmitCplt                      0x08004ca7   Thumb Code   100  stm32f4xx_hal_spi.o(i.SPI_DMATransmitCplt)
    i.SPI_EndRxTxTransaction                 0x08004d0c   Section        0  stm32f4xx_hal_spi.o(i.SPI_EndRxTxTransaction)
    SPI_EndRxTxTransaction                   0x08004d0d   Thumb Code    80  stm32f4xx_hal_spi.o(i.SPI_EndRxTxTransaction)
    i.SPI_WaitFlagStateUntilTimeout          0x08004d64   Section        0  stm32f4xx_hal_spi.o(i.SPI_WaitFlagStateUntilTimeout)
    SPI_WaitFlagStateUntilTimeout            0x08004d65   Thumb Code   180  stm32f4xx_hal_spi.o(i.SPI_WaitFlagStateUntilTimeout)
    i.SVC_Handler                            0x08004e1c   Section        0  stm32f4xx_it.o(i.SVC_Handler)
    i.SysTick_Handler                        0x08004e1e   Section        0  stm32f4xx_it.o(i.SysTick_Handler)
    i.SystemClock_Config                     0x08004e24   Section        0  main.o(i.SystemClock_Config)
    i.SystemInit                             0x08004ec4   Section        0  system_stm32f4xx.o(i.SystemInit)
    i.TIM6_DAC_IRQHandler                    0x08004ed4   Section        0  stm32f4xx_it.o(i.TIM6_DAC_IRQHandler)
    i.TIM_Base_SetConfig                     0x08005090   Section        0  stm32f4xx_hal_tim.o(i.TIM_Base_SetConfig)
    i.UART_DMAAbortOnError                   0x08005158   Section        0  stm32f4xx_hal_uart.o(i.UART_DMAAbortOnError)
    UART_DMAAbortOnError                     0x08005159   Thumb Code    16  stm32f4xx_hal_uart.o(i.UART_DMAAbortOnError)
    i.UART_EndRxTransfer                     0x08005168   Section        0  stm32f4xx_hal_uart.o(i.UART_EndRxTransfer)
    UART_EndRxTransfer                       0x08005169   Thumb Code    78  stm32f4xx_hal_uart.o(i.UART_EndRxTransfer)
    i.UART_Receive_IT                        0x080051b6   Section        0  stm32f4xx_hal_uart.o(i.UART_Receive_IT)
    UART_Receive_IT                          0x080051b7   Thumb Code   192  stm32f4xx_hal_uart.o(i.UART_Receive_IT)
    i.UART_SetConfig                         0x08005278   Section        0  stm32f4xx_hal_uart.o(i.UART_SetConfig)
    UART_SetConfig                           0x08005279   Thumb Code   258  stm32f4xx_hal_uart.o(i.UART_SetConfig)
    i.UART_Start_Receive_IT                  0x08005384   Section        0  stm32f4xx_hal_uart.o(i.UART_Start_Receive_IT)
    i.UART_WaitOnFlagUntilTimeout            0x080053be   Section        0  stm32f4xx_hal_uart.o(i.UART_WaitOnFlagUntilTimeout)
    UART_WaitOnFlagUntilTimeout              0x080053bf   Thumb Code   120  stm32f4xx_hal_uart.o(i.UART_WaitOnFlagUntilTimeout)
    i.USART1_IRQHandler                      0x08005438   Section        0  stm32f4xx_it.o(i.USART1_IRQHandler)
    i.UsageFault_Handler                     0x08005444   Section        0  stm32f4xx_it.o(i.UsageFault_Handler)
    i.__0printf$3                            0x08005448   Section        0  printf3.o(i.__0printf$3)
    i.__0sprintf$3                           0x08005468   Section        0  printf3.o(i.__0sprintf$3)
    i.__NVIC_SetPriority                     0x08005490   Section        0  stm32f4xx_hal_cortex.o(i.__NVIC_SetPriority)
    __NVIC_SetPriority                       0x08005491   Thumb Code    32  stm32f4xx_hal_cortex.o(i.__NVIC_SetPriority)
    i.__scatterload_copy                     0x080054b0   Section       14  handlers.o(i.__scatterload_copy)
    i.__scatterload_null                     0x080054be   Section        2  handlers.o(i.__scatterload_null)
    i.__scatterload_zeroinit                 0x080054c0   Section       14  handlers.o(i.__scatterload_zeroinit)
    i._printf_core                           0x080054d0   Section        0  printf3.o(i._printf_core)
    _printf_core                             0x080054d1   Thumb Code   436  printf3.o(i._printf_core)
    i._sputc                                 0x08005688   Section        0  printf3.o(i._sputc)
    _sputc                                   0x08005689   Thumb Code    10  printf3.o(i._sputc)
    i.delay_init                             0x08005694   Section        0  delay.o(i.delay_init)
    i.delay_ms                               0x080056a8   Section        0  delay.o(i.delay_ms)
    i.delay_us                               0x080056c4   Section        0  delay.o(i.delay_us)
    i.fputc                                  0x080056f8   Section        0  usart.o(i.fputc)
    i.main                                   0x08005714   Section        0  main.o(i.main)
    .constdata                               0x080057f4   Section        8  stm32f4xx_hal_dma.o(.constdata)
    flagBitshiftOffset                       0x080057f4   Data           8  stm32f4xx_hal_dma.o(.constdata)
    .constdata                               0x080057fc   Section       16  system_stm32f4xx.o(.constdata)
    .constdata                               0x0800580c   Section        8  system_stm32f4xx.o(.constdata)
    .constdata                               0x08005814   Section       32  global.o(.constdata)
    .constdata                               0x08005834   Section    16384  global.o(.constdata)
    .constdata                               0x08009834   Section     2020  global.o(.constdata)
    .constdata                               0x0800a018   Section     1520  global.o(.constdata)
    .constdata                               0x0800a608   Section     6080  global.o(.constdata)
    .constdata                               0x0800bdc8   Section      170  signaldraw.o(.constdata)
    .constdata                               0x0800be74   Section       16  arm_const_structs.o(.constdata)
    .constdata                               0x0800be84   Section       16  arm_const_structs.o(.constdata)
    .constdata                               0x0800be94   Section       16  arm_const_structs.o(.constdata)
    .constdata                               0x0800bea4   Section       16  arm_const_structs.o(.constdata)
    .constdata                               0x0800beb4   Section       16  arm_const_structs.o(.constdata)
    .constdata                               0x0800bec4   Section     2048  arm_common_tables.o(.constdata)
    .constdata                               0x0800c6c4   Section     4096  arm_common_tables.o(.constdata)
    .constdata                               0x0800d6c4   Section     8192  arm_common_tables.o(.constdata)
    .constdata                               0x0800f6c4   Section    16384  arm_common_tables.o(.constdata)
    .constdata                               0x080136c4   Section    32768  arm_common_tables.o(.constdata)
    .constdata                               0x0801b6c4   Section      880  arm_common_tables.o(.constdata)
    .constdata                               0x0801ba34   Section      896  arm_common_tables.o(.constdata)
    .constdata                               0x0801bdb4   Section     3600  arm_common_tables.o(.constdata)
    .constdata                               0x0801cbc4   Section     7616  arm_common_tables.o(.constdata)
    .constdata                               0x0801e984   Section     8064  arm_common_tables.o(.constdata)
    .conststring                             0x08020904   Section      132  stm32f4xx_it.o(.conststring)
    .conststring                             0x08020988   Section       70  messagetr.o(.conststring)
    .data                                    0x10000000   Section       16  stm32f4xx_it.o(.data)
    .data                                    0x10000010   Section        2  global.o(.data)
    .data                                    0x10000014   Section        4  global.o(.data)
    .data                                    0x10000018   Section        4  global.o(.data)
    .data                                    0x1000001c   Section        2  global.o(.data)
    .data                                    0x10000020   Section        4  global.o(.data)
    .data                                    0x10000024   Section        4  global.o(.data)
    .data                                    0x10000028   Section        1  global.o(.data)
    .data                                    0x10000029   Section        1  global.o(.data)
    .data                                    0x1000002a   Section        1  global.o(.data)
    .data                                    0x1000002c   Section        4  global.o(.data)
    .data                                    0x10000030   Section       12  time.o(.data)
    time_over                                0x10000030   Data           1  time.o(.data)
    time                                     0x10000034   Data           4  time.o(.data)
    last_time                                0x10000038   Data           4  time.o(.data)
    .data                                    0x1000003c   Section        2  waveoperate.o(.data)
    cnt                                      0x1000003c   Data           2  waveoperate.o(.data)
    .data                                    0x10000040   Section        4  delay.o(.data)
    fac_us                                   0x10000040   Data           4  delay.o(.data)
    .bss                                     0x10000044   Section       72  adc.o(.bss)
    .bss                                     0x1000008c   Section       72  tim.o(.bss)
    .bss                                     0x100000d4   Section       68  usart.o(.bss)
    .bss                                     0x10000118   Section    16396  global.o(.bss)
    .bss                                     0x10004124   Section    16384  global.o(.bss)
    STACK                                    0x10008128   Section     1024  startup_stm32f429xx.o(STACK)
    .data                                    0x20000000   Section       12  stm32f4xx_hal.o(.data)
    .data                                    0x2000000c   Section        4  system_stm32f4xx.o(.data)
    .data                                    0x20000010   Section        4  global.o(.data)
    .data                                    0x20000014   Section        4  global.o(.data)
    .data                                    0x20000018   Section        2  global.o(.data)
    .data                                    0x2000001c   Section       12  global.o(.data)
    .data                                    0x20000028   Section        4  global.o(.data)
    .data                                    0x2000002c   Section        1  global.o(.data)
    .data                                    0x2000002d   Section        1  global.o(.data)
    .data                                    0x2000002e   Section        1  global.o(.data)
    .data                                    0x20000030   Section        4  global.o(.data)
    .data                                    0x20000034   Section       20  key.o(.data)
    input_mode                               0x20000035   Data           1  key.o(.data)
    key_state                                0x20000036   Data           2  key.o(.data)
    input_dig                                0x20000040   Data           8  key.o(.data)
    .data                                    0x20000048   Section        4  basedraw.o(.data)
    .data                                    0x2000004c   Section        4  stdout.o(.data)
    .bss                                     0x20000050   Section      184  spi.o(.bss)
    .bss                                     0x20000108   Section      256  stm32f4xx_it.o(.bss)
    .bss                                     0x20000208   Section       24  global.o(.bss)
    .bss                                     0x20000220   Section      256  global.o(.bss)
    .bss                                     0x20000320   Section    115200  global.o(.bss)
    .bss                                     0x2001c520   Section    32768  global.o(.bss)
    .bss                                     0x20024520   Section    16384  global.o(.bss)

    Global Symbols

    Symbol Name                              Value     Ov Type        Size  Object(Section)

    BuildAttributes$$THM_ISAv4$E$P$D$K$B$S$7EM$VFPi3$EXTD16$VFPS$VFMA$PE$A:L22UL41UL21$X:L11$S22US41US21$IEEE1$IW$USESV6$~STKCKD$USESV7$~SHL$OTIME$ROPI$IEEEX$EBA8$MICROLIB$REQ8$PRES8$EABIv2 0x00000000   Number         0  anon$$obj.o ABSOLUTE
    __ARM_use_no_argv                        0x00000000   Number         0  main.o ABSOLUTE
    _printf_a                                0x00000000   Number         0  stubs.o ABSOLUTE
    _printf_c                                0x00000000   Number         0  stubs.o ABSOLUTE
    _printf_charcount                        0x00000000   Number         0  stubs.o ABSOLUTE
    _printf_d                                0x00000000   Number         0  stubs.o ABSOLUTE
    _printf_e                                0x00000000   Number         0  stubs.o ABSOLUTE
    _printf_f                                0x00000000   Number         0  stubs.o ABSOLUTE
    _printf_flags                            0x00000000   Number         0  stubs.o ABSOLUTE
    _printf_fp_dec                           0x00000000   Number         0  stubs.o ABSOLUTE
    _printf_fp_hex                           0x00000000   Number         0  stubs.o ABSOLUTE
    _printf_g                                0x00000000   Number         0  stubs.o ABSOLUTE
    _printf_i                                0x00000000   Number         0  stubs.o ABSOLUTE
    _printf_int_dec                          0x00000000   Number         0  stubs.o ABSOLUTE
    _printf_l                                0x00000000   Number         0  stubs.o ABSOLUTE
    _printf_lc                               0x00000000   Number         0  stubs.o ABSOLUTE
    _printf_ll                               0x00000000   Number         0  stubs.o ABSOLUTE
    _printf_lld                              0x00000000   Number         0  stubs.o ABSOLUTE
    _printf_lli                              0x00000000   Number         0  stubs.o ABSOLUTE
    _printf_llo                              0x00000000   Number         0  stubs.o ABSOLUTE
    _printf_llu                              0x00000000   Number         0  stubs.o ABSOLUTE
    _printf_llx                              0x00000000   Number         0  stubs.o ABSOLUTE
    _printf_longlong_dec                     0x00000000   Number         0  stubs.o ABSOLUTE
    _printf_longlong_hex                     0x00000000   Number         0  stubs.o ABSOLUTE
    _printf_longlong_oct                     0x00000000   Number         0  stubs.o ABSOLUTE
    _printf_ls                               0x00000000   Number         0  stubs.o ABSOLUTE
    _printf_mbtowc                           0x00000000   Number         0  stubs.o ABSOLUTE
    _printf_n                                0x00000000   Number         0  stubs.o ABSOLUTE
    _printf_o                                0x00000000   Number         0  stubs.o ABSOLUTE
    _printf_p                                0x00000000   Number         0  stubs.o ABSOLUTE
    _printf_percent                          0x00000000   Number         0  stubs.o ABSOLUTE
    _printf_pre_padding                      0x00000000   Number         0  stubs.o ABSOLUTE
    _printf_return_value                     0x00000000   Number         0  stubs.o ABSOLUTE
    _printf_s                                0x00000000   Number         0  stubs.o ABSOLUTE
    _printf_sizespec                         0x00000000   Number         0  stubs.o ABSOLUTE
    _printf_str                              0x00000000   Number         0  stubs.o ABSOLUTE
    _printf_truncate_signed                  0x00000000   Number         0  stubs.o ABSOLUTE
    _printf_truncate_unsigned                0x00000000   Number         0  stubs.o ABSOLUTE
    _printf_u                                0x00000000   Number         0  stubs.o ABSOLUTE
    _printf_wc                               0x00000000   Number         0  stubs.o ABSOLUTE
    _printf_wctomb                           0x00000000   Number         0  stubs.o ABSOLUTE
    _printf_widthprec                        0x00000000   Number         0  stubs.o ABSOLUTE
    _printf_x                                0x00000000   Number         0  stubs.o ABSOLUTE
    __cpp_initialize__aeabi_                  - Undefined Weak Reference
    __cxa_finalize                            - Undefined Weak Reference
    __decompress                              - Undefined Weak Reference
    _clock_init                               - Undefined Weak Reference
    _microlib_exit                            - Undefined Weak Reference
    __Vectors_Size                           0x000001ac   Number         0  startup_stm32f429xx.o ABSOLUTE
    __Vectors                                0x08000000   Data           4  startup_stm32f429xx.o(RESET)
    __Vectors_End                            0x080001ac   Data           0  startup_stm32f429xx.o(RESET)
    arm_bitreversal_32                       0x080001ad   Thumb Code   106  arm_bitreversal2.o(. text)
    arm_bitreversal_16                       0x08000217   Thumb Code    86  arm_bitreversal2.o(. text)
    __main                                   0x0800026d   Thumb Code     0  entry.o(.ARM.Collect$$$$00000000)
    _main_stk                                0x0800026d   Thumb Code     0  entry2.o(.ARM.Collect$$$$00000001)
    _main_scatterload                        0x08000271   Thumb Code     0  entry5.o(.ARM.Collect$$$$00000004)
    __main_after_scatterload                 0x08000275   Thumb Code     0  entry5.o(.ARM.Collect$$$$00000004)
    _main_clock                              0x08000275   Thumb Code     0  entry7b.o(.ARM.Collect$$$$00000008)
    _main_cpp_init                           0x08000275   Thumb Code     0  entry8b.o(.ARM.Collect$$$$0000000A)
    _main_init                               0x08000275   Thumb Code     0  entry9a.o(.ARM.Collect$$$$0000000B)
    __rt_final_cpp                           0x0800027d   Thumb Code     0  entry10a.o(.ARM.Collect$$$$0000000D)
    __rt_final_exit                          0x0800027d   Thumb Code     0  entry11a.o(.ARM.Collect$$$$0000000F)
    Reset_Handler                            0x08000281   Thumb Code     8  startup_stm32f429xx.o(.text)
    ADC_IRQHandler                           0x0800029b   Thumb Code     0  startup_stm32f429xx.o(.text)
    CAN1_RX0_IRQHandler                      0x0800029b   Thumb Code     0  startup_stm32f429xx.o(.text)
    CAN1_RX1_IRQHandler                      0x0800029b   Thumb Code     0  startup_stm32f429xx.o(.text)
    CAN1_SCE_IRQHandler                      0x0800029b   Thumb Code     0  startup_stm32f429xx.o(.text)
    CAN1_TX_IRQHandler                       0x0800029b   Thumb Code     0  startup_stm32f429xx.o(.text)
    CAN2_RX0_IRQHandler                      0x0800029b   Thumb Code     0  startup_stm32f429xx.o(.text)
    CAN2_RX1_IRQHandler                      0x0800029b   Thumb Code     0  startup_stm32f429xx.o(.text)
    CAN2_SCE_IRQHandler                      0x0800029b   Thumb Code     0  startup_stm32f429xx.o(.text)
    CAN2_TX_IRQHandler                       0x0800029b   Thumb Code     0  startup_stm32f429xx.o(.text)
    DCMI_IRQHandler                          0x0800029b   Thumb Code     0  startup_stm32f429xx.o(.text)
    DMA1_Stream0_IRQHandler                  0x0800029b   Thumb Code     0  startup_stm32f429xx.o(.text)
    DMA1_Stream1_IRQHandler                  0x0800029b   Thumb Code     0  startup_stm32f429xx.o(.text)
    DMA1_Stream2_IRQHandler                  0x0800029b   Thumb Code     0  startup_stm32f429xx.o(.text)
    DMA1_Stream3_IRQHandler                  0x0800029b   Thumb Code     0  startup_stm32f429xx.o(.text)
    DMA1_Stream4_IRQHandler                  0x0800029b   Thumb Code     0  startup_stm32f429xx.o(.text)
    DMA1_Stream5_IRQHandler                  0x0800029b   Thumb Code     0  startup_stm32f429xx.o(.text)
    DMA1_Stream6_IRQHandler                  0x0800029b   Thumb Code     0  startup_stm32f429xx.o(.text)
    DMA1_Stream7_IRQHandler                  0x0800029b   Thumb Code     0  startup_stm32f429xx.o(.text)
    DMA2D_IRQHandler                         0x0800029b   Thumb Code     0  startup_stm32f429xx.o(.text)
    DMA2_Stream0_IRQHandler                  0x0800029b   Thumb Code     0  startup_stm32f429xx.o(.text)
    DMA2_Stream1_IRQHandler                  0x0800029b   Thumb Code     0  startup_stm32f429xx.o(.text)
    DMA2_Stream2_IRQHandler                  0x0800029b   Thumb Code     0  startup_stm32f429xx.o(.text)
    DMA2_Stream3_IRQHandler                  0x0800029b   Thumb Code     0  startup_stm32f429xx.o(.text)
    DMA2_Stream5_IRQHandler                  0x0800029b   Thumb Code     0  startup_stm32f429xx.o(.text)
    DMA2_Stream6_IRQHandler                  0x0800029b   Thumb Code     0  startup_stm32f429xx.o(.text)
    DMA2_Stream7_IRQHandler                  0x0800029b   Thumb Code     0  startup_stm32f429xx.o(.text)
    ETH_IRQHandler                           0x0800029b   Thumb Code     0  startup_stm32f429xx.o(.text)
    ETH_WKUP_IRQHandler                      0x0800029b   Thumb Code     0  startup_stm32f429xx.o(.text)
    EXTI0_IRQHandler                         0x0800029b   Thumb Code     0  startup_stm32f429xx.o(.text)
    EXTI1_IRQHandler                         0x0800029b   Thumb Code     0  startup_stm32f429xx.o(.text)
    EXTI2_IRQHandler                         0x0800029b   Thumb Code     0  startup_stm32f429xx.o(.text)
    EXTI3_IRQHandler                         0x0800029b   Thumb Code     0  startup_stm32f429xx.o(.text)
    EXTI4_IRQHandler                         0x0800029b   Thumb Code     0  startup_stm32f429xx.o(.text)
    EXTI9_5_IRQHandler                       0x0800029b   Thumb Code     0  startup_stm32f429xx.o(.text)
    FLASH_IRQHandler                         0x0800029b   Thumb Code     0  startup_stm32f429xx.o(.text)
    FMC_IRQHandler                           0x0800029b   Thumb Code     0  startup_stm32f429xx.o(.text)
    FPU_IRQHandler                           0x0800029b   Thumb Code     0  startup_stm32f429xx.o(.text)
    HASH_RNG_IRQHandler                      0x0800029b   Thumb Code     0  startup_stm32f429xx.o(.text)
    I2C1_ER_IRQHandler                       0x0800029b   Thumb Code     0  startup_stm32f429xx.o(.text)
    I2C1_EV_IRQHandler                       0x0800029b   Thumb Code     0  startup_stm32f429xx.o(.text)
    I2C2_ER_IRQHandler                       0x0800029b   Thumb Code     0  startup_stm32f429xx.o(.text)
    I2C2_EV_IRQHandler                       0x0800029b   Thumb Code     0  startup_stm32f429xx.o(.text)
    I2C3_ER_IRQHandler                       0x0800029b   Thumb Code     0  startup_stm32f429xx.o(.text)
    I2C3_EV_IRQHandler                       0x0800029b   Thumb Code     0  startup_stm32f429xx.o(.text)
    LTDC_ER_IRQHandler                       0x0800029b   Thumb Code     0  startup_stm32f429xx.o(.text)
    LTDC_IRQHandler                          0x0800029b   Thumb Code     0  startup_stm32f429xx.o(.text)
    OTG_FS_IRQHandler                        0x0800029b   Thumb Code     0  startup_stm32f429xx.o(.text)
    OTG_FS_WKUP_IRQHandler                   0x0800029b   Thumb Code     0  startup_stm32f429xx.o(.text)
    OTG_HS_EP1_IN_IRQHandler                 0x0800029b   Thumb Code     0  startup_stm32f429xx.o(.text)
    OTG_HS_EP1_OUT_IRQHandler                0x0800029b   Thumb Code     0  startup_stm32f429xx.o(.text)
    OTG_HS_IRQHandler                        0x0800029b   Thumb Code     0  startup_stm32f429xx.o(.text)
    OTG_HS_WKUP_IRQHandler                   0x0800029b   Thumb Code     0  startup_stm32f429xx.o(.text)
    PVD_IRQHandler                           0x0800029b   Thumb Code     0  startup_stm32f429xx.o(.text)
    RCC_IRQHandler                           0x0800029b   Thumb Code     0  startup_stm32f429xx.o(.text)
    RTC_Alarm_IRQHandler                     0x0800029b   Thumb Code     0  startup_stm32f429xx.o(.text)
    RTC_WKUP_IRQHandler                      0x0800029b   Thumb Code     0  startup_stm32f429xx.o(.text)
    SAI1_IRQHandler                          0x0800029b   Thumb Code     0  startup_stm32f429xx.o(.text)
    SDIO_IRQHandler                          0x0800029b   Thumb Code     0  startup_stm32f429xx.o(.text)
    SPI1_IRQHandler                          0x0800029b   Thumb Code     0  startup_stm32f429xx.o(.text)
    SPI2_IRQHandler                          0x0800029b   Thumb Code     0  startup_stm32f429xx.o(.text)
    SPI3_IRQHandler                          0x0800029b   Thumb Code     0  startup_stm32f429xx.o(.text)
    SPI4_IRQHandler                          0x0800029b   Thumb Code     0  startup_stm32f429xx.o(.text)
    SPI5_IRQHandler                          0x0800029b   Thumb Code     0  startup_stm32f429xx.o(.text)
    SPI6_IRQHandler                          0x0800029b   Thumb Code     0  startup_stm32f429xx.o(.text)
    TAMP_STAMP_IRQHandler                    0x0800029b   Thumb Code     0  startup_stm32f429xx.o(.text)
    TIM1_BRK_TIM9_IRQHandler                 0x0800029b   Thumb Code     0  startup_stm32f429xx.o(.text)
    TIM1_CC_IRQHandler                       0x0800029b   Thumb Code     0  startup_stm32f429xx.o(.text)
    TIM1_TRG_COM_TIM11_IRQHandler            0x0800029b   Thumb Code     0  startup_stm32f429xx.o(.text)
    TIM1_UP_TIM10_IRQHandler                 0x0800029b   Thumb Code     0  startup_stm32f429xx.o(.text)
    TIM2_IRQHandler                          0x0800029b   Thumb Code     0  startup_stm32f429xx.o(.text)
    TIM3_IRQHandler                          0x0800029b   Thumb Code     0  startup_stm32f429xx.o(.text)
    TIM4_IRQHandler                          0x0800029b   Thumb Code     0  startup_stm32f429xx.o(.text)
    TIM5_IRQHandler                          0x0800029b   Thumb Code     0  startup_stm32f429xx.o(.text)
    TIM7_IRQHandler                          0x0800029b   Thumb Code     0  startup_stm32f429xx.o(.text)
    TIM8_BRK_TIM12_IRQHandler                0x0800029b   Thumb Code     0  startup_stm32f429xx.o(.text)
    TIM8_CC_IRQHandler                       0x0800029b   Thumb Code     0  startup_stm32f429xx.o(.text)
    TIM8_TRG_COM_TIM14_IRQHandler            0x0800029b   Thumb Code     0  startup_stm32f429xx.o(.text)
    TIM8_UP_TIM13_IRQHandler                 0x0800029b   Thumb Code     0  startup_stm32f429xx.o(.text)
    UART4_IRQHandler                         0x0800029b   Thumb Code     0  startup_stm32f429xx.o(.text)
    UART5_IRQHandler                         0x0800029b   Thumb Code     0  startup_stm32f429xx.o(.text)
    UART7_IRQHandler                         0x0800029b   Thumb Code     0  startup_stm32f429xx.o(.text)
    UART8_IRQHandler                         0x0800029b   Thumb Code     0  startup_stm32f429xx.o(.text)
    USART2_IRQHandler                        0x0800029b   Thumb Code     0  startup_stm32f429xx.o(.text)
    USART3_IRQHandler                        0x0800029b   Thumb Code     0  startup_stm32f429xx.o(.text)
    USART6_IRQHandler                        0x0800029b   Thumb Code     0  startup_stm32f429xx.o(.text)
    WWDG_IRQHandler                          0x0800029b   Thumb Code     0  startup_stm32f429xx.o(.text)
    arm_cmplx_mag_f32                        0x080002a5   Thumb Code   246  arm_cmplx_mag_f32.o(.text)
    arm_cfft_radix8by2_f32                   0x080003a1   Thumb Code   398  arm_cfft_f32.o(.text)
    arm_cfft_radix8by4_f32                   0x0800052f   Thumb Code  1098  arm_cfft_f32.o(.text)
    arm_cfft_f32                             0x08000979   Thumb Code   330  arm_cfft_f32.o(.text)
    arm_max_f32                              0x08000ac5   Thumb Code   216  arm_max_f32.o(.text)
    arm_min_f32                              0x08000b9d   Thumb Code   216  arm_min_f32.o(.text)
    arm_radix8_butterfly_f32                 0x08000c75   Thumb Code  1244  arm_cfft_radix8_f32.o(.text)
    __aeabi_uldivmod                         0x08001151   Thumb Code    98  uldiv.o(.text)
    ___aeabi_memcpy8$move                    0x080011b3   Thumb Code     0  memmovea.o(.text)
    __aeabi_memcpy                           0x080011b3   Thumb Code    64  memmovea.o(.text)
    __aeabi_memcpy4                          0x080011b3   Thumb Code     0  memmovea.o(.text)
    __aeabi_memmove                          0x080011b3   Thumb Code     0  memmovea.o(.text)
    __aeabi_memmove4                         0x080011b3   Thumb Code     0  memmovea.o(.text)
    __aeabi_memmove8                         0x080011b3   Thumb Code     0  memmovea.o(.text)
    __aeabi_memset                           0x080011f3   Thumb Code    14  memseta.o(.text)
    __aeabi_memset4                          0x080011f3   Thumb Code     0  memseta.o(.text)
    __aeabi_memset8                          0x080011f3   Thumb Code     0  memseta.o(.text)
    __aeabi_memclr                           0x08001201   Thumb Code     4  memseta.o(.text)
    __aeabi_memclr4                          0x08001201   Thumb Code     0  memseta.o(.text)
    __aeabi_memclr8                          0x08001201   Thumb Code     0  memseta.o(.text)
    _memset$wrapper                          0x08001205   Thumb Code    18  memseta.o(.text)
    strstr                                   0x08001217   Thumb Code    36  strstr.o(.text)
    strlen                                   0x0800123b   Thumb Code    14  strlen.o(.text)
    __aeabi_uidiv                            0x08001249   Thumb Code     0  uidiv.o(.text)
    __aeabi_uidivmod                         0x08001249   Thumb Code    44  uidiv.o(.text)
    __aeabi_llsl                             0x08001275   Thumb Code    30  llshl.o(.text)
    _ll_shift_l                              0x08001275   Thumb Code     0  llshl.o(.text)
    __aeabi_llsr                             0x08001293   Thumb Code    32  llushr.o(.text)
    _ll_ushift_r                             0x08001293   Thumb Code     0  llushr.o(.text)
    __scatterload                            0x080012b5   Thumb Code    28  init.o(.text)
    __scatterload_rt2                        0x080012b5   Thumb Code     0  init.o(.text)
    Base_Draw_Init                           0x08001401   Thumb Code   418  basedraw.o(i.Base_Draw_Init)
    BusFault_Handler                         0x080015a9   Thumb Code     2  stm32f4xx_it.o(i.BusFault_Handler)
    CH455_I2c_RdByte                         0x080015ad   Thumb Code   208  ch455h_init.o(i.CH455_I2c_RdByte)
    CH455_I2c_Start                          0x08001681   Thumb Code    92  ch455h_init.o(i.CH455_I2c_Start)
    CH455_I2c_Stop                           0x080016e1   Thumb Code    76  ch455h_init.o(i.CH455_I2c_Stop)
    CH455_I2c_WrByte                         0x08001731   Thumb Code   170  ch455h_init.o(i.CH455_I2c_WrByte)
    CH455_Init                               0x080017e1   Thumb Code     8  ch455h.o(i.CH455_Init)
    CH455_Read                               0x080017e9   Thumb Code    26  ch455h.o(i.CH455_Read)
    CH455_Write                              0x08001803   Thumb Code    38  ch455h.o(i.CH455_Write)
    Clear_Buffer                             0x08001829   Thumb Code    28  messagetr.o(i.Clear_Buffer)
    DMA2_Stream4_IRQHandler                  0x0800184d   Thumb Code     6  stm32f4xx_it.o(i.DMA2_Stream4_IRQHandler)
    DebugMon_Handler                         0x080018fd   Thumb Code     2  stm32f4xx_it.o(i.DebugMon_Handler)
    EXTI15_10_IRQHandler                     0x080018ff   Thumb Code     8  stm32f4xx_it.o(i.EXTI15_10_IRQHandler)
    Error_Handler                            0x08001907   Thumb Code     4  main.o(i.Error_Handler)
    GJH_ADC_GetValue                         0x0800190d   Thumb Code    18  adc.o(i.GJH_ADC_GetValue)
    GJH_BOOL_Toggle                          0x08001925   Thumb Code    16  math.o(i.GJH_BOOL_Toggle)
    GJH_Buff_DrawLine                        0x08001935   Thumb Code   114  lcddraw.o(i.GJH_Buff_DrawLine)
    GJH_Buff_DrawPoint                       0x080019a9   Thumb Code    24  lcddraw.o(i.GJH_Buff_DrawPoint)
    GJH_Buff_DrawRectangle                   0x080019c5   Thumb Code    68  lcddraw.o(i.GJH_Buff_DrawRectangle)
    GJH_Buff_FFT_Draw                        0x08001a09   Thumb Code   114  signaldraw.o(i.GJH_Buff_FFT_Draw)
    GJH_Buff_Fill                            0x08001a89   Thumb Code    42  lcddraw.o(i.GJH_Buff_Fill)
    GJH_Buff_ShowChar                        0x08001ab9   Thumb Code   168  lcddraw.o(i.GJH_Buff_ShowChar)
    GJH_Buff_ShowString                      0x08001b69   Thumb Code    58  lcddraw.o(i.GJH_Buff_ShowString)
    GJH_Buff_UI_Draw                         0x08001ba5   Thumb Code   684  signaldraw.o(i.GJH_Buff_UI_Draw)
    GJH_Buff_Wave_Draw                       0x08001e95   Thumb Code   172  signaldraw.o(i.GJH_Buff_Wave_Draw)
    GJH_Check_TimeOut                        0x08001f59   Thumb Code    26  messagetr.o(i.GJH_Check_TimeOut)
    GJH_Clear_Key_Buff                       0x08001f79   Thumb Code    28  key.o(i.GJH_Clear_Key_Buff)
    GJH_FFT                                  0x08001f99   Thumb Code   166  math.o(i.GJH_FFT)
    GJH_FFT_Filter                           0x08002055   Thumb Code    38  waveoperate.o(i.GJH_FFT_Filter)
    GJH_FFT_Frequency_DEC                    0x0800208d   Thumb Code   124  waveoperate.o(i.GJH_FFT_Frequency_DEC)
    GJH_Filter                               0x0800212d   Thumb Code   198  math.o(i.GJH_Filter)
    GJH_Float_MAX_DEC                        0x080021f9   Thumb Code     4  math.o(i.GJH_Float_MAX_DEC)
    GJH_Float_MIN_DEC                        0x080021fd   Thumb Code     4  math.o(i.GJH_Float_MIN_DEC)
    GJH_Float_Transform_Uint8                0x08002201   Thumb Code   184  transform.o(i.GJH_Float_Transform_Uint8)
    GJH_Get_D_Time                           0x080022c1   Thumb Code    26  time.o(i.GJH_Get_D_Time)
    GJH_Get_Time                             0x080022e1   Thumb Code    14  time.o(i.GJH_Get_Time)
    GJH_IFFT                                 0x080022f5   Thumb Code   130  math.o(i.GJH_IFFT)
    GJH_Key_Dec                              0x0800238d   Thumb Code    52  key.o(i.GJH_Key_Dec)
    GJH_Key_Off                              0x080023c5   Thumb Code    20  key.o(i.GJH_Key_Off)
    GJH_Key_On                               0x080023dd   Thumb Code    20  key.o(i.GJH_Key_On)
    GJH_Key_S_DEC                            0x080023f5   Thumb Code   154  key.o(i.GJH_Key_S_DEC)
    GJH_Key_Work                             0x080024a5   Thumb Code   696  key.o(i.GJH_Key_Work)
    GJH_LCD_Init                             0x0800278d   Thumb Code    24  lcddraw.o(i.GJH_LCD_Init)
    GJH_LCD_Show                             0x080027a5   Thumb Code   230  lcddraw.o(i.GJH_LCD_Show)
    GJH_Message_RX_DEC                       0x080028b1   Thumb Code   128  messagetr.o(i.GJH_Message_RX_DEC)
    GJH_Message_Transmit                     0x08002939   Thumb Code     8  messagetr.o(i.GJH_Message_Transmit)
    GJH_Peak_DEC                             0x08002949   Thumb Code   104  math.o(i.GJH_Peak_DEC)
    GJH_RX_Data_Process                      0x080029b1   Thumb Code    26  messagetr.o(i.GJH_RX_Data_Process)
    GJH_TR_Init                              0x080029dd   Thumb Code    78  messagetr.o(i.GJH_TR_Init)
    GJH_Time_Pass                            0x08002aad   Thumb Code    26  time.o(i.GJH_Time_Pass)
    GJH_Uint32_Transform_Uint8               0x08002acd   Thumb Code    76  transform.o(i.GJH_Uint32_Transform_Uint8)
    GJH_Wave_FFT_Calculate                   0x08002b19   Thumb Code    94  waveoperate.o(i.GJH_Wave_FFT_Calculate)
    GJH_Wave_FFT_Load                        0x08002b95   Thumb Code    62  waveoperate.o(i.GJH_Wave_FFT_Load)
    GJH_Wave_Index_Add                       0x08002be5   Thumb Code    34  waveoperate.o(i.GJH_Wave_Index_Add)
    GJH_Wave_Index_Minus                     0x08002c0d   Thumb Code    16  waveoperate.o(i.GJH_Wave_Index_Minus)
    GJH_Wave_Init                            0x08002c21   Thumb Code    46  waveoperate.o(i.GJH_Wave_Init)
    GJH_Wave_RangeRead                       0x08002c59   Thumb Code   100  waveoperate.o(i.GJH_Wave_RangeRead)
    GJH_Wave_Read                            0x08002cc5   Thumb Code    16  waveoperate.o(i.GJH_Wave_Read)
    GJH_Wave_Write                           0x08002cdd   Thumb Code    56  waveoperate.o(i.GJH_Wave_Write)
    HAL_ADC_ConfigChannel                    0x08002d19   Thumb Code   334  stm32f4xx_hal_adc.o(i.HAL_ADC_ConfigChannel)
    HAL_ADC_GetValue                         0x08002e7d   Thumb Code     6  stm32f4xx_hal_adc.o(i.HAL_ADC_GetValue)
    HAL_ADC_Init                             0x08002e83   Thumb Code    84  stm32f4xx_hal_adc.o(i.HAL_ADC_Init)
    HAL_ADC_MspInit                          0x08002ed9   Thumb Code    84  adc.o(i.HAL_ADC_MspInit)
    HAL_ADC_Start                            0x08002f39   Thumb Code   228  stm32f4xx_hal_adc.o(i.HAL_ADC_Start)
    HAL_DMA_Abort                            0x08003035   Thumb Code   146  stm32f4xx_hal_dma.o(i.HAL_DMA_Abort)
    HAL_DMA_Abort_IT                         0x080030c7   Thumb Code    36  stm32f4xx_hal_dma.o(i.HAL_DMA_Abort_IT)
    HAL_DMA_IRQHandler                       0x080030ed   Thumb Code   412  stm32f4xx_hal_dma.o(i.HAL_DMA_IRQHandler)
    HAL_DMA_Init                             0x0800328d   Thumb Code   206  stm32f4xx_hal_dma.o(i.HAL_DMA_Init)
    HAL_DMA_Start_IT                         0x08003361   Thumb Code   110  stm32f4xx_hal_dma.o(i.HAL_DMA_Start_IT)
    HAL_GPIO_EXTI_Callback                   0x080033cf   Thumb Code   134  main.o(i.HAL_GPIO_EXTI_Callback)
    HAL_GPIO_EXTI_IRQHandler                 0x08003455   Thumb Code    18  stm32f4xx_hal_gpio.o(i.HAL_GPIO_EXTI_IRQHandler)
    HAL_GPIO_Init                            0x0800346d   Thumb Code   510  stm32f4xx_hal_gpio.o(i.HAL_GPIO_Init)
    HAL_GPIO_ReadPin                         0x080036a1   Thumb Code    10  stm32f4xx_hal_gpio.o(i.HAL_GPIO_ReadPin)
    HAL_GPIO_TogglePin                       0x080036ab   Thumb Code    16  stm32f4xx_hal_gpio.o(i.HAL_GPIO_TogglePin)
    HAL_GPIO_WritePin                        0x080036bb   Thumb Code    10  stm32f4xx_hal_gpio.o(i.HAL_GPIO_WritePin)
    HAL_GetTick                              0x080036c5   Thumb Code     6  stm32f4xx_hal.o(i.HAL_GetTick)
    HAL_IncTick                              0x080036d1   Thumb Code    12  stm32f4xx_hal.o(i.HAL_IncTick)
    HAL_Init                                 0x080036e1   Thumb Code    48  stm32f4xx_hal.o(i.HAL_Init)
    HAL_InitTick                             0x08003715   Thumb Code    54  stm32f4xx_hal.o(i.HAL_InitTick)
    HAL_MspInit                              0x08003755   Thumb Code    42  stm32f4xx_hal_msp.o(i.HAL_MspInit)
    HAL_NVIC_EnableIRQ                       0x08003785   Thumb Code    26  stm32f4xx_hal_cortex.o(i.HAL_NVIC_EnableIRQ)
    HAL_NVIC_SetPriority                     0x080037a1   Thumb Code    60  stm32f4xx_hal_cortex.o(i.HAL_NVIC_SetPriority)
    HAL_NVIC_SetPriorityGrouping             0x080037e1   Thumb Code    26  stm32f4xx_hal_cortex.o(i.HAL_NVIC_SetPriorityGrouping)
    HAL_PWREx_EnableOverDrive                0x08003805   Thumb Code    98  stm32f4xx_hal_pwr_ex.o(i.HAL_PWREx_EnableOverDrive)
    HAL_RCC_ClockConfig                      0x08003875   Thumb Code   288  stm32f4xx_hal_rcc.o(i.HAL_RCC_ClockConfig)
    HAL_RCC_GetPCLK1Freq                     0x080039a9   Thumb Code    20  stm32f4xx_hal_rcc.o(i.HAL_RCC_GetPCLK1Freq)
    HAL_RCC_GetPCLK2Freq                     0x080039c9   Thumb Code    20  stm32f4xx_hal_rcc.o(i.HAL_RCC_GetPCLK2Freq)
    HAL_RCC_GetSysClockFreq                  0x080039e9   Thumb Code    88  stm32f4xx_hal_rcc.o(i.HAL_RCC_GetSysClockFreq)
    HAL_RCC_OscConfig                        0x08003a4d   Thumb Code   856  stm32f4xx_hal_rcc.o(i.HAL_RCC_OscConfig)
    HAL_SPI_ErrorCallback                    0x08003db9   Thumb Code     2  stm32f4xx_hal_spi.o(i.HAL_SPI_ErrorCallback)
    HAL_SPI_Init                             0x08003dbb   Thumb Code   188  stm32f4xx_hal_spi.o(i.HAL_SPI_Init)
    HAL_SPI_MspInit                          0x08003e79   Thumb Code   182  spi.o(i.HAL_SPI_MspInit)
    HAL_SPI_Transmit                         0x08003f49   Thumb Code   358  stm32f4xx_hal_spi.o(i.HAL_SPI_Transmit)
    HAL_SPI_Transmit_DMA                     0x080040b1   Thumb Code   202  stm32f4xx_hal_spi.o(i.HAL_SPI_Transmit_DMA)
    HAL_SPI_TxCpltCallback                   0x08004189   Thumb Code     2  stm32f4xx_hal_spi.o(i.HAL_SPI_TxCpltCallback)
    HAL_SPI_TxHalfCpltCallback               0x0800418b   Thumb Code     2  stm32f4xx_hal_spi.o(i.HAL_SPI_TxHalfCpltCallback)
    HAL_SYSTICK_CLKSourceConfig              0x0800418d   Thumb Code    24  stm32f4xx_hal_cortex.o(i.HAL_SYSTICK_CLKSourceConfig)
    HAL_SYSTICK_Config                       0x080041a5   Thumb Code    40  stm32f4xx_hal_cortex.o(i.HAL_SYSTICK_Config)
    HAL_TIMEx_BreakCallback                  0x080041cd   Thumb Code     2  stm32f4xx_hal_tim_ex.o(i.HAL_TIMEx_BreakCallback)
    HAL_TIMEx_CommutCallback                 0x080041cf   Thumb Code     2  stm32f4xx_hal_tim_ex.o(i.HAL_TIMEx_CommutCallback)
    HAL_TIMEx_MasterConfigSynchronization    0x080041d1   Thumb Code   116  stm32f4xx_hal_tim_ex.o(i.HAL_TIMEx_MasterConfigSynchronization)
    HAL_TIM_Base_Init                        0x08004261   Thumb Code    90  stm32f4xx_hal_tim.o(i.HAL_TIM_Base_Init)
    HAL_TIM_Base_MspInit                     0x080042bd   Thumb Code    50  tim.o(i.HAL_TIM_Base_MspInit)
    HAL_TIM_Base_Start_IT                    0x080042f9   Thumb Code   100  stm32f4xx_hal_tim.o(i.HAL_TIM_Base_Start_IT)
    HAL_TIM_IC_CaptureCallback               0x08004379   Thumb Code     2  stm32f4xx_hal_tim.o(i.HAL_TIM_IC_CaptureCallback)
    HAL_TIM_IRQHandler                       0x0800437b   Thumb Code   358  stm32f4xx_hal_tim.o(i.HAL_TIM_IRQHandler)
    HAL_TIM_OC_DelayElapsedCallback          0x080044e1   Thumb Code     2  stm32f4xx_hal_tim.o(i.HAL_TIM_OC_DelayElapsedCallback)
    HAL_TIM_PWM_PulseFinishedCallback        0x080044e3   Thumb Code     2  stm32f4xx_hal_tim.o(i.HAL_TIM_PWM_PulseFinishedCallback)
    HAL_TIM_PeriodElapsedCallback            0x080044e5   Thumb Code     2  stm32f4xx_hal_tim.o(i.HAL_TIM_PeriodElapsedCallback)
    HAL_TIM_TriggerCallback                  0x080044e7   Thumb Code     2  stm32f4xx_hal_tim.o(i.HAL_TIM_TriggerCallback)
    HAL_UARTEx_RxEventCallback               0x080044e9   Thumb Code     2  stm32f4xx_hal_uart.o(i.HAL_UARTEx_RxEventCallback)
    HAL_UART_ErrorCallback                   0x080044eb   Thumb Code     2  stm32f4xx_hal_uart.o(i.HAL_UART_ErrorCallback)
    HAL_UART_IRQHandler                      0x080044ed   Thumb Code   610  stm32f4xx_hal_uart.o(i.HAL_UART_IRQHandler)
    HAL_UART_Init                            0x08004755   Thumb Code    98  stm32f4xx_hal_uart.o(i.HAL_UART_Init)
    HAL_UART_MspInit                         0x080047b9   Thumb Code   110  usart.o(i.HAL_UART_MspInit)
    HAL_UART_Receive_IT                      0x08004835   Thumb Code    42  stm32f4xx_hal_uart.o(i.HAL_UART_Receive_IT)
    HAL_UART_RxCpltCallback                  0x08004861   Thumb Code    50  main.o(i.HAL_UART_RxCpltCallback)
    HAL_UART_Transmit                        0x080048ad   Thumb Code   178  stm32f4xx_hal_uart.o(i.HAL_UART_Transmit)
    HAL_UART_TxCpltCallback                  0x0800495f   Thumb Code     2  stm32f4xx_hal_uart.o(i.HAL_UART_TxCpltCallback)
    HardFault_Handler                        0x08004961   Thumb Code     2  stm32f4xx_it.o(i.HardFault_Handler)
    LCD_Address_Set                          0x08004963   Thumb Code    58  basedraw.o(i.LCD_Address_Set)
    LCD_WR_DATA                              0x0800499d   Thumb Code    20  basedraw.o(i.LCD_WR_DATA)
    LCD_WR_REG                               0x080049b1   Thumb Code    36  basedraw.o(i.LCD_WR_REG)
    LCD_Writ_Bus                             0x080049d9   Thumb Code    18  basedraw.o(i.LCD_Writ_Bus)
    MX_ADC1_Init                             0x080049f1   Thumb Code    88  adc.o(i.MX_ADC1_Init)
    MX_DMA_Init                              0x08004a55   Thumb Code    40  dma.o(i.MX_DMA_Init)
    MX_GPIO_Init                             0x08004a81   Thumb Code   286  gpio.o(i.MX_GPIO_Init)
    MX_SPI5_Init                             0x08004bb5   Thumb Code    60  spi.o(i.MX_SPI5_Init)
    MX_TIM6_Init                             0x08004bf9   Thumb Code    60  tim.o(i.MX_TIM6_Init)
    MX_USART1_UART_Init                      0x08004c3d   Thumb Code    48  usart.o(i.MX_USART1_UART_Init)
    MemManage_Handler                        0x08004c75   Thumb Code     2  stm32f4xx_it.o(i.MemManage_Handler)
    NMI_Handler                              0x08004c77   Thumb Code     2  stm32f4xx_it.o(i.NMI_Handler)
    PendSV_Handler                           0x08004c79   Thumb Code     2  stm32f4xx_it.o(i.PendSV_Handler)
    SVC_Handler                              0x08004e1d   Thumb Code     2  stm32f4xx_it.o(i.SVC_Handler)
    SysTick_Handler                          0x08004e1f   Thumb Code     4  stm32f4xx_it.o(i.SysTick_Handler)
    SystemClock_Config                       0x08004e25   Thumb Code   152  main.o(i.SystemClock_Config)
    SystemInit                               0x08004ec5   Thumb Code    12  system_stm32f4xx.o(i.SystemInit)
    TIM6_DAC_IRQHandler                      0x08004ed5   Thumb Code   328  stm32f4xx_it.o(i.TIM6_DAC_IRQHandler)
    TIM_Base_SetConfig                       0x08005091   Thumb Code   156  stm32f4xx_hal_tim.o(i.TIM_Base_SetConfig)
    UART_Start_Receive_IT                    0x08005385   Thumb Code    58  stm32f4xx_hal_uart.o(i.UART_Start_Receive_IT)
    USART1_IRQHandler                        0x08005439   Thumb Code     6  stm32f4xx_it.o(i.USART1_IRQHandler)
    UsageFault_Handler                       0x08005445   Thumb Code     2  stm32f4xx_it.o(i.UsageFault_Handler)
    __0printf$3                              0x08005449   Thumb Code    22  printf3.o(i.__0printf$3)
    __1printf$3                              0x08005449   Thumb Code     0  printf3.o(i.__0printf$3)
    __2printf                                0x08005449   Thumb Code     0  printf3.o(i.__0printf$3)
    __0sprintf$3                             0x08005469   Thumb Code    34  printf3.o(i.__0sprintf$3)
    __1sprintf$3                             0x08005469   Thumb Code     0  printf3.o(i.__0sprintf$3)
    __2sprintf                               0x08005469   Thumb Code     0  printf3.o(i.__0sprintf$3)
    __scatterload_copy                       0x080054b1   Thumb Code    14  handlers.o(i.__scatterload_copy)
    __scatterload_null                       0x080054bf   Thumb Code     2  handlers.o(i.__scatterload_null)
    __scatterload_zeroinit                   0x080054c1   Thumb Code    14  handlers.o(i.__scatterload_zeroinit)
    delay_init                               0x08005695   Thumb Code    16  delay.o(i.delay_init)
    delay_ms                                 0x080056a9   Thumb Code    26  delay.o(i.delay_ms)
    delay_us                                 0x080056c5   Thumb Code    48  delay.o(i.delay_us)
    fputc                                    0x080056f9   Thumb Code    24  usart.o(i.fputc)
    main                                     0x08005715   Thumb Code   192  main.o(i.main)
    AHBPrescTable                            0x080057fc   Data          16  system_stm32f4xx.o(.constdata)
    APBPrescTable                            0x0800580c   Data           8  system_stm32f4xx.o(.constdata)
    bcd_num                                  0x08005814   Data          32  global.o(.constdata)
    hanning_window                           0x08005834   Data       16384  global.o(.constdata)
    ui_points                                0x08009834   Data        2020  global.o(.constdata)
    ascii_1608                               0x0800a018   Data        1520  global.o(.constdata)
    ascii_3216                               0x0800a608   Data        6080  global.o(.constdata)
    arm_cfft_sR_f32_len256                   0x0800be74   Data          16  arm_const_structs.o(.constdata)
    arm_cfft_sR_f32_len512                   0x0800be84   Data          16  arm_const_structs.o(.constdata)
    arm_cfft_sR_f32_len1024                  0x0800be94   Data          16  arm_const_structs.o(.constdata)
    arm_cfft_sR_f32_len2048                  0x0800bea4   Data          16  arm_const_structs.o(.constdata)
    arm_cfft_sR_f32_len4096                  0x0800beb4   Data          16  arm_const_structs.o(.constdata)
    twiddleCoef_256                          0x0800bec4   Data        2048  arm_common_tables.o(.constdata)
    twiddleCoef_512                          0x0800c6c4   Data        4096  arm_common_tables.o(.constdata)
    twiddleCoef_1024                         0x0800d6c4   Data        8192  arm_common_tables.o(.constdata)
    twiddleCoef_2048                         0x0800f6c4   Data       16384  arm_common_tables.o(.constdata)
    twiddleCoef_4096                         0x080136c4   Data       32768  arm_common_tables.o(.constdata)
    armBitRevIndexTable256                   0x0801b6c4   Data         880  arm_common_tables.o(.constdata)
    armBitRevIndexTable512                   0x0801ba34   Data         896  arm_common_tables.o(.constdata)
    armBitRevIndexTable1024                  0x0801bdb4   Data        3600  arm_common_tables.o(.constdata)
    armBitRevIndexTable2048                  0x0801cbc4   Data        7616  arm_common_tables.o(.constdata)
    armBitRevIndexTable4096                  0x0801e984   Data        8064  arm_common_tables.o(.constdata)
    Region$$Table$$Base                      0x080209d0   Number         0  anon$$obj.o(Region$$Table)
    Region$$Table$$Limit                     0x08020a10   Number         0  anon$$obj.o(Region$$Table)
    pass_times                               0x10000000   Data           2  stm32f4xx_it.o(.data)
    time_0                                   0x10000002   Data           2  stm32f4xx_it.o(.data)
    time_1                                   0x10000004   Data           2  stm32f4xx_it.o(.data)
    time_2                                   0x10000006   Data           2  stm32f4xx_it.o(.data)
    time_3                                   0x10000008   Data           2  stm32f4xx_it.o(.data)
    time_4                                   0x1000000a   Data           2  stm32f4xx_it.o(.data)
    sample_times                             0x1000000c   Data           4  stm32f4xx_it.o(.data)
    fps                                      0x10000010   Data           2  global.o(.data)
    max_data                                 0x10000014   Data           4  global.o(.data)
    adc_fd                                   0x10000018   Data           4  global.o(.data)
    y_offset                                 0x1000001c   Data           2  global.o(.data)
    filter_left                              0x10000020   Data           4  global.o(.data)
    fre_simu                                 0x10000024   Data           4  global.o(.data)
    is_adc_run                               0x10000028   Data           1  global.o(.data)
    offset_x_y                               0x10000029   Data           1  global.o(.data)
    uart_rx_counter                          0x1000002a   Data           1  global.o(.data)
    uart_rx_last_time                        0x1000002c   Data           4  global.o(.data)
    hadc1                                    0x10000044   Data          72  adc.o(.bss)
    htim6                                    0x1000008c   Data          72  tim.o(.bss)
    huart1                                   0x100000d4   Data          68  usart.o(.bss)
    wave_data                                0x10000118   Data       16396  global.o(.bss)
    wave_buff                                0x10004124   Data       16384  global.o(.bss)
    __initial_sp                             0x10008528   Data           0  startup_stm32f429xx.o(STACK)
    uwTickFreq                               0x20000000   Data           1  stm32f4xx_hal.o(.data)
    uwTickPrio                               0x20000004   Data           4  stm32f4xx_hal.o(.data)
    uwTick                                   0x20000008   Data           4  stm32f4xx_hal.o(.data)
    SystemCoreClock                          0x2000000c   Data           4  system_stm32f4xx.o(.data)
    min_data                                 0x20000010   Data           4  global.o(.data)
    y_scale                                  0x20000014   Data           4  global.o(.data)
    x_offset                                 0x20000018   Data           2  global.o(.data)
    frequency                                0x2000001c   Data          12  global.o(.data)
    filter_right                             0x20000028   Data           4  global.o(.data)
    is_fft_show                              0x2000002c   Data           1  global.o(.data)
    is_filter_on                             0x2000002d   Data           1  global.o(.data)
    uart_res                                 0x2000002e   Data           1  global.o(.data)
    str_dec                                  0x20000030   Data           4  global.o(.data)
    num_dig                                  0x20000034   Data           1  key.o(.data)
    num_stored                               0x20000038   Data           4  key.o(.data)
    ptr_num                                  0x2000003c   Data           4  key.o(.data)
    oled_spi                                 0x20000048   Data           4  basedraw.o(.data)
    __stdout                                 0x2000004c   Data           4  stdout.o(.data)
    hspi5                                    0x20000050   Data          88  spi.o(.bss)
    hdma_spi5_tx                             0x200000a8   Data          96  spi.o(.bss)
    data_tx                                  0x20000108   Data         256  stm32f4xx_it.o(.bss)
    key                                      0x20000208   Data          24  global.o(.bss)
    uart_rx_buff                             0x20000220   Data         256  global.o(.bss)
    lcd_buff                                 0x20000320   Data       115200  global.o(.bss)
    fft_input                                0x2001c520   Data       32768  global.o(.bss)
    fft_output                               0x20024520   Data       16384  global.o(.bss)



==============================================================================

Memory Map of the image

  Image Entry point : 0x0800026d

  Load Region LR_IROM1 (Base: 0x08000000, Size: 0x00020aa4, Max: 0x00100000, ABSOLUTE)

    Execution Region ER_IROM1 (Base: 0x08000000, Size: 0x00020a10, Max: 0x00100000, ABSOLUTE)

    Base Addr    Size         Type   Attr      Idx    E Section Name        Object

    0x08000000   0x000001ac   Data   RO            3    RESET               startup_stm32f429xx.o
    0x080001ac   0x000000c0   Code   RO         4709    . text              arm_cortexM4lf_math.lib(arm_bitreversal2.o)
    0x0800026c   0x00000000   Code   RO         4809  * .ARM.Collect$$$$00000000  mc_w.l(entry.o)
    0x0800026c   0x00000004   Code   RO         5114    .ARM.Collect$$$$00000001  mc_w.l(entry2.o)
    0x08000270   0x00000004   Code   RO         5117    .ARM.Collect$$$$00000004  mc_w.l(entry5.o)
    0x08000274   0x00000000   Code   RO         5119    .ARM.Collect$$$$00000008  mc_w.l(entry7b.o)
    0x08000274   0x00000000   Code   RO         5121    .ARM.Collect$$$$0000000A  mc_w.l(entry8b.o)
    0x08000274   0x00000008   Code   RO         5122    .ARM.Collect$$$$0000000B  mc_w.l(entry9a.o)
    0x0800027c   0x00000000   Code   RO         5124    .ARM.Collect$$$$0000000D  mc_w.l(entry10a.o)
    0x0800027c   0x00000000   Code   RO         5126    .ARM.Collect$$$$0000000F  mc_w.l(entry11a.o)
    0x0800027c   0x00000004   Code   RO         5115    .ARM.Collect$$$$00002712  mc_w.l(entry2.o)
    0x08000280   0x00000024   Code   RO            4    .text               startup_stm32f429xx.o
    0x080002a4   0x000000fc   Code   RO         4428    .text               arm_cortexM4lf_math.lib(arm_cmplx_mag_f32.o)
    0x080003a0   0x00000722   Code   RO         4474    .text               arm_cortexM4lf_math.lib(arm_cfft_f32.o)
    0x08000ac2   0x00000002   PAD
    0x08000ac4   0x000000d8   Code   RO         4505    .text               arm_cortexM4lf_math.lib(arm_max_f32.o)
    0x08000b9c   0x000000d8   Code   RO         4529    .text               arm_cortexM4lf_math.lib(arm_min_f32.o)
    0x08000c74   0x000004dc   Code   RO         4688    .text               arm_cortexM4lf_math.lib(arm_cfft_radix8_f32.o)
    0x08001150   0x00000062   Code   RO         4812    .text               mc_w.l(uldiv.o)
    0x080011b2   0x00000040   Code   RO         4816    .text               mc_w.l(memmovea.o)
    0x080011f2   0x00000024   Code   RO         4818    .text               mc_w.l(memseta.o)
    0x08001216   0x00000024   Code   RO         4820    .text               mc_w.l(strstr.o)
    0x0800123a   0x0000000e   Code   RO         4822    .text               mc_w.l(strlen.o)
    0x08001248   0x0000002c   Code   RO         5129    .text               mc_w.l(uidiv.o)
    0x08001274   0x0000001e   Code   RO         5131    .text               mc_w.l(llshl.o)
    0x08001292   0x00000020   Code   RO         5133    .text               mc_w.l(llushr.o)
    0x080012b2   0x00000002   PAD
    0x080012b4   0x00000024   Code   RO         5161    .text               mc_w.l(init.o)
    0x080012d8   0x00000128   Code   RO          617    i.ADC_Init          stm32f4xx_hal_adc.o
    0x08001400   0x000001a8   Code   RO         3895    i.Base_Draw_Init    basedraw.o
    0x080015a8   0x00000002   Code   RO          464    i.BusFault_Handler  stm32f4xx_it.o
    0x080015aa   0x00000002   PAD
    0x080015ac   0x000000d4   Code   RO         4386    i.CH455_I2c_RdByte  ch455h_init.o
    0x08001680   0x00000060   Code   RO         4387    i.CH455_I2c_Start   ch455h_init.o
    0x080016e0   0x00000050   Code   RO         4388    i.CH455_I2c_Stop    ch455h_init.o
    0x08001730   0x000000b0   Code   RO         4389    i.CH455_I2c_WrByte  ch455h_init.o
    0x080017e0   0x00000008   Code   RO         4312    i.CH455_Init        ch455h.o
    0x080017e8   0x0000001a   Code   RO         4313    i.CH455_Read        ch455h.o
    0x08001802   0x00000026   Code   RO         4314    i.CH455_Write       ch455h.o
    0x08001828   0x00000024   Code   RO         4185    i.Clear_Buffer      messagetr.o
    0x0800184c   0x0000000c   Code   RO          465    i.DMA2_Stream4_IRQHandler  stm32f4xx_it.o
    0x08001858   0x00000028   Code   RO         1403    i.DMA_CalcBaseAndBitshift  stm32f4xx_hal_dma.o
    0x08001880   0x00000054   Code   RO         1404    i.DMA_CheckFifoParam  stm32f4xx_hal_dma.o
    0x080018d4   0x00000028   Code   RO         1405    i.DMA_SetConfig     stm32f4xx_hal_dma.o
    0x080018fc   0x00000002   Code   RO          466    i.DebugMon_Handler  stm32f4xx_it.o
    0x080018fe   0x00000008   Code   RO          467    i.EXTI15_10_IRQHandler  stm32f4xx_it.o
    0x08001906   0x00000004   Code   RO           13    i.Error_Handler     main.o
    0x0800190a   0x00000002   PAD
    0x0800190c   0x00000018   Code   RO          260    i.GJH_ADC_GetValue  adc.o
    0x08001924   0x00000010   Code   RO         4240    i.GJH_BOOL_Toggle   math.o
    0x08001934   0x00000072   Code   RO         3950    i.GJH_Buff_DrawLine  lcddraw.o
    0x080019a6   0x00000002   PAD
    0x080019a8   0x0000001c   Code   RO         3951    i.GJH_Buff_DrawPoint  lcddraw.o
    0x080019c4   0x00000044   Code   RO         3952    i.GJH_Buff_DrawRectangle  lcddraw.o
    0x08001a08   0x00000080   Code   RO         4070    i.GJH_Buff_FFT_Draw  signaldraw.o
    0x08001a88   0x00000030   Code   RO         3953    i.GJH_Buff_Fill     lcddraw.o
    0x08001ab8   0x000000b0   Code   RO         3954    i.GJH_Buff_ShowChar  lcddraw.o
    0x08001b68   0x0000003a   Code   RO         3955    i.GJH_Buff_ShowString  lcddraw.o
    0x08001ba2   0x00000002   PAD
    0x08001ba4   0x000002f0   Code   RO         4071    i.GJH_Buff_UI_Draw  signaldraw.o
    0x08001e94   0x000000c4   Code   RO         4072    i.GJH_Buff_Wave_Draw  signaldraw.o
    0x08001f58   0x00000020   Code   RO         4186    i.GJH_Check_TimeOut  messagetr.o
    0x08001f78   0x00000020   Code   RO         3839    i.GJH_Clear_Key_Buff  key.o
    0x08001f98   0x000000bc   Code   RO         4241    i.GJH_FFT           math.o
    0x08002054   0x00000038   Code   RO         4107    i.GJH_FFT_Filter    waveoperate.o
    0x0800208c   0x000000a0   Code   RO         4108    i.GJH_FFT_Frequency_DEC  waveoperate.o
    0x0800212c   0x000000cc   Code   RO         4242    i.GJH_Filter        math.o
    0x080021f8   0x00000004   Code   RO         4243    i.GJH_Float_MAX_DEC  math.o
    0x080021fc   0x00000004   Code   RO         4244    i.GJH_Float_MIN_DEC  math.o
    0x08002200   0x000000c0   Code   RO         4043    i.GJH_Float_Transform_Uint8  transform.o
    0x080022c0   0x00000020   Code   RO         4017    i.GJH_Get_D_Time    time.o
    0x080022e0   0x00000014   Code   RO         4018    i.GJH_Get_Time      time.o
    0x080022f4   0x00000098   Code   RO         4245    i.GJH_IFFT          math.o
    0x0800238c   0x00000038   Code   RO         3840    i.GJH_Key_Dec       key.o
    0x080023c4   0x00000018   Code   RO         3841    i.GJH_Key_Off       key.o
    0x080023dc   0x00000018   Code   RO         3842    i.GJH_Key_On        key.o
    0x080023f4   0x000000b0   Code   RO         3843    i.GJH_Key_S_DEC     key.o
    0x080024a4   0x000002e8   Code   RO         3844    i.GJH_Key_Work      key.o
    0x0800278c   0x00000018   Code   RO         3956    i.GJH_LCD_Init      lcddraw.o
    0x080027a4   0x0000010c   Code   RO         3957    i.GJH_LCD_Show      lcddraw.o
    0x080028b0   0x00000088   Code   RO         4187    i.GJH_Message_RX_DEC  messagetr.o
    0x08002938   0x00000010   Code   RO         4188    i.GJH_Message_Transmit  messagetr.o
    0x08002948   0x00000068   Code   RO         4246    i.GJH_Peak_DEC      math.o
    0x080029b0   0x0000002c   Code   RO         4189    i.GJH_RX_Data_Process  messagetr.o
    0x080029dc   0x000000d0   Code   RO         4190    i.GJH_TR_Init       messagetr.o
    0x08002aac   0x00000020   Code   RO         4019    i.GJH_Time_Pass     time.o
    0x08002acc   0x0000004c   Code   RO         4044    i.GJH_Uint32_Transform_Uint8  transform.o
    0x08002b18   0x0000007c   Code   RO         4109    i.GJH_Wave_FFT_Calculate  waveoperate.o
    0x08002b94   0x00000050   Code   RO         4110    i.GJH_Wave_FFT_Load  waveoperate.o
    0x08002be4   0x00000028   Code   RO         4111    i.GJH_Wave_Index_Add  waveoperate.o
    0x08002c0c   0x00000014   Code   RO         4112    i.GJH_Wave_Index_Minus  waveoperate.o
    0x08002c20   0x00000038   Code   RO         4113    i.GJH_Wave_Init     waveoperate.o
    0x08002c58   0x0000006c   Code   RO         4114    i.GJH_Wave_RangeRead  waveoperate.o
    0x08002cc4   0x00000018   Code   RO         4115    i.GJH_Wave_Read     waveoperate.o
    0x08002cdc   0x0000003c   Code   RO         4116    i.GJH_Wave_Write    waveoperate.o
    0x08002d18   0x00000164   Code   RO          619    i.HAL_ADC_ConfigChannel  stm32f4xx_hal_adc.o
    0x08002e7c   0x00000006   Code   RO          626    i.HAL_ADC_GetValue  stm32f4xx_hal_adc.o
    0x08002e82   0x00000054   Code   RO          628    i.HAL_ADC_Init      stm32f4xx_hal_adc.o
    0x08002ed6   0x00000002   PAD
    0x08002ed8   0x00000060   Code   RO          262    i.HAL_ADC_MspInit   adc.o
    0x08002f38   0x000000fc   Code   RO          634    i.HAL_ADC_Start     stm32f4xx_hal_adc.o
    0x08003034   0x00000092   Code   RO         1406    i.HAL_DMA_Abort     stm32f4xx_hal_dma.o
    0x080030c6   0x00000024   Code   RO         1407    i.HAL_DMA_Abort_IT  stm32f4xx_hal_dma.o
    0x080030ea   0x00000002   PAD
    0x080030ec   0x000001a0   Code   RO         1411    i.HAL_DMA_IRQHandler  stm32f4xx_hal_dma.o
    0x0800328c   0x000000d4   Code   RO         1412    i.HAL_DMA_Init      stm32f4xx_hal_dma.o
    0x08003360   0x0000006e   Code   RO         1416    i.HAL_DMA_Start_IT  stm32f4xx_hal_dma.o
    0x080033ce   0x00000086   Code   RO           14    i.HAL_GPIO_EXTI_Callback  main.o
    0x08003454   0x00000018   Code   RO         1298    i.HAL_GPIO_EXTI_IRQHandler  stm32f4xx_hal_gpio.o
    0x0800346c   0x00000234   Code   RO         1299    i.HAL_GPIO_Init     stm32f4xx_hal_gpio.o
    0x080036a0   0x0000000a   Code   RO         1301    i.HAL_GPIO_ReadPin  stm32f4xx_hal_gpio.o
    0x080036aa   0x00000010   Code   RO         1302    i.HAL_GPIO_TogglePin  stm32f4xx_hal_gpio.o
    0x080036ba   0x0000000a   Code   RO         1303    i.HAL_GPIO_WritePin  stm32f4xx_hal_gpio.o
    0x080036c4   0x0000000c   Code   RO         1851    i.HAL_GetTick       stm32f4xx_hal.o
    0x080036d0   0x00000010   Code   RO         1857    i.HAL_IncTick       stm32f4xx_hal.o
    0x080036e0   0x00000034   Code   RO         1858    i.HAL_Init          stm32f4xx_hal.o
    0x08003714   0x00000040   Code   RO         1859    i.HAL_InitTick      stm32f4xx_hal.o
    0x08003754   0x00000030   Code   RO          590    i.HAL_MspInit       stm32f4xx_hal_msp.o
    0x08003784   0x0000001a   Code   RO         1706    i.HAL_NVIC_EnableIRQ  stm32f4xx_hal_cortex.o
    0x0800379e   0x00000002   PAD
    0x080037a0   0x00000040   Code   RO         1712    i.HAL_NVIC_SetPriority  stm32f4xx_hal_cortex.o
    0x080037e0   0x00000024   Code   RO         1713    i.HAL_NVIC_SetPriorityGrouping  stm32f4xx_hal_cortex.o
    0x08003804   0x00000070   Code   RO         1635    i.HAL_PWREx_EnableOverDrive  stm32f4xx_hal_pwr_ex.o
    0x08003874   0x00000134   Code   RO          893    i.HAL_RCC_ClockConfig  stm32f4xx_hal_rcc.o
    0x080039a8   0x00000020   Code   RO          900    i.HAL_RCC_GetPCLK1Freq  stm32f4xx_hal_rcc.o
    0x080039c8   0x00000020   Code   RO          901    i.HAL_RCC_GetPCLK2Freq  stm32f4xx_hal_rcc.o
    0x080039e8   0x00000064   Code   RO          902    i.HAL_RCC_GetSysClockFreq  stm32f4xx_hal_rcc.o
    0x08003a4c   0x0000036c   Code   RO          905    i.HAL_RCC_OscConfig  stm32f4xx_hal_rcc.o
    0x08003db8   0x00000002   Code   RO         2113    i.HAL_SPI_ErrorCallback  stm32f4xx_hal_spi.o
    0x08003dba   0x000000bc   Code   RO         2117    i.HAL_SPI_Init      stm32f4xx_hal_spi.o
    0x08003e76   0x00000002   PAD
    0x08003e78   0x000000d0   Code   RO          333    i.HAL_SPI_MspInit   spi.o
    0x08003f48   0x00000166   Code   RO         2125    i.HAL_SPI_Transmit  stm32f4xx_hal_spi.o
    0x080040ae   0x00000002   PAD
    0x080040b0   0x000000d8   Code   RO         2129    i.HAL_SPI_Transmit_DMA  stm32f4xx_hal_spi.o
    0x08004188   0x00000002   Code   RO         2131    i.HAL_SPI_TxCpltCallback  stm32f4xx_hal_spi.o
    0x0800418a   0x00000002   Code   RO         2132    i.HAL_SPI_TxHalfCpltCallback  stm32f4xx_hal_spi.o
    0x0800418c   0x00000018   Code   RO         1715    i.HAL_SYSTICK_CLKSourceConfig  stm32f4xx_hal_cortex.o
    0x080041a4   0x00000028   Code   RO         1717    i.HAL_SYSTICK_Config  stm32f4xx_hal_cortex.o
    0x080041cc   0x00000002   Code   RO         3134    i.HAL_TIMEx_BreakCallback  stm32f4xx_hal_tim_ex.o
    0x080041ce   0x00000002   Code   RO         3135    i.HAL_TIMEx_CommutCallback  stm32f4xx_hal_tim_ex.o
    0x080041d0   0x00000090   Code   RO         3153    i.HAL_TIMEx_MasterConfigSynchronization  stm32f4xx_hal_tim_ex.o
    0x08004260   0x0000005a   Code   RO         2430    i.HAL_TIM_Base_Init  stm32f4xx_hal_tim.o
    0x080042ba   0x00000002   PAD
    0x080042bc   0x0000003c   Code   RO          375    i.HAL_TIM_Base_MspInit  tim.o
    0x080042f8   0x00000080   Code   RO         2435    i.HAL_TIM_Base_Start_IT  stm32f4xx_hal_tim.o
    0x08004378   0x00000002   Code   RO         2464    i.HAL_TIM_IC_CaptureCallback  stm32f4xx_hal_tim.o
    0x0800437a   0x00000166   Code   RO         2478    i.HAL_TIM_IRQHandler  stm32f4xx_hal_tim.o
    0x080044e0   0x00000002   Code   RO         2481    i.HAL_TIM_OC_DelayElapsedCallback  stm32f4xx_hal_tim.o
    0x080044e2   0x00000002   Code   RO         2508    i.HAL_TIM_PWM_PulseFinishedCallback  stm32f4xx_hal_tim.o
    0x080044e4   0x00000002   Code   RO         2516    i.HAL_TIM_PeriodElapsedCallback  stm32f4xx_hal_tim.o
    0x080044e6   0x00000002   Code   RO         2521    i.HAL_TIM_TriggerCallback  stm32f4xx_hal_tim.o
    0x080044e8   0x00000002   Code   RO         3412    i.HAL_UARTEx_RxEventCallback  stm32f4xx_hal_uart.o
    0x080044ea   0x00000002   Code   RO         3426    i.HAL_UART_ErrorCallback  stm32f4xx_hal_uart.o
    0x080044ec   0x00000268   Code   RO         3429    i.HAL_UART_IRQHandler  stm32f4xx_hal_uart.o
    0x08004754   0x00000062   Code   RO         3430    i.HAL_UART_Init     stm32f4xx_hal_uart.o
    0x080047b6   0x00000002   PAD
    0x080047b8   0x0000007c   Code   RO          417    i.HAL_UART_MspInit  usart.o
    0x08004834   0x0000002a   Code   RO         3435    i.HAL_UART_Receive_IT  stm32f4xx_hal_uart.o
    0x0800485e   0x00000002   PAD
    0x08004860   0x0000004c   Code   RO           15    i.HAL_UART_RxCpltCallback  main.o
    0x080048ac   0x000000b2   Code   RO         3438    i.HAL_UART_Transmit  stm32f4xx_hal_uart.o
    0x0800495e   0x00000002   Code   RO         3441    i.HAL_UART_TxCpltCallback  stm32f4xx_hal_uart.o
    0x08004960   0x00000002   Code   RO          468    i.HardFault_Handler  stm32f4xx_it.o
    0x08004962   0x0000003a   Code   RO         3896    i.LCD_Address_Set   basedraw.o
    0x0800499c   0x00000014   Code   RO         3897    i.LCD_WR_DATA       basedraw.o
    0x080049b0   0x00000028   Code   RO         3899    i.LCD_WR_REG        basedraw.o
    0x080049d8   0x00000018   Code   RO         3900    i.LCD_Writ_Bus      basedraw.o
    0x080049f0   0x00000064   Code   RO          263    i.MX_ADC1_Init      adc.o
    0x08004a54   0x0000002c   Code   RO          308    i.MX_DMA_Init       dma.o
    0x08004a80   0x00000134   Code   RO          236    i.MX_GPIO_Init      gpio.o
    0x08004bb4   0x00000044   Code   RO          334    i.MX_SPI5_Init      spi.o
    0x08004bf8   0x00000044   Code   RO          376    i.MX_TIM6_Init      tim.o
    0x08004c3c   0x00000038   Code   RO          418    i.MX_USART1_UART_Init  usart.o
    0x08004c74   0x00000002   Code   RO          469    i.MemManage_Handler  stm32f4xx_it.o
    0x08004c76   0x00000002   Code   RO          470    i.NMI_Handler       stm32f4xx_it.o
    0x08004c78   0x00000002   Code   RO          471    i.PendSV_Handler    stm32f4xx_it.o
    0x08004c7a   0x00000022   Code   RO         2145    i.SPI_DMAError      stm32f4xx_hal_spi.o
    0x08004c9c   0x0000000a   Code   RO         2147    i.SPI_DMAHalfTransmitCplt  stm32f4xx_hal_spi.o
    0x08004ca6   0x00000064   Code   RO         2151    i.SPI_DMATransmitCplt  stm32f4xx_hal_spi.o
    0x08004d0a   0x00000002   PAD
    0x08004d0c   0x00000058   Code   RO         2155    i.SPI_EndRxTxTransaction  stm32f4xx_hal_spi.o
    0x08004d64   0x000000b8   Code   RO         2160    i.SPI_WaitFlagStateUntilTimeout  stm32f4xx_hal_spi.o
    0x08004e1c   0x00000002   Code   RO          472    i.SVC_Handler       stm32f4xx_it.o
    0x08004e1e   0x00000004   Code   RO          473    i.SysTick_Handler   stm32f4xx_it.o
    0x08004e22   0x00000002   PAD
    0x08004e24   0x000000a0   Code   RO           16    i.SystemClock_Config  main.o
    0x08004ec4   0x00000010   Code   RO         3759    i.SystemInit        system_stm32f4xx.o
    0x08004ed4   0x000001bc   Code   RO          474    i.TIM6_DAC_IRQHandler  stm32f4xx_it.o
    0x08005090   0x000000c8   Code   RO         2523    i.TIM_Base_SetConfig  stm32f4xx_hal_tim.o
    0x08005158   0x00000010   Code   RO         3443    i.UART_DMAAbortOnError  stm32f4xx_hal_uart.o
    0x08005168   0x0000004e   Code   RO         3453    i.UART_EndRxTransfer  stm32f4xx_hal_uart.o
    0x080051b6   0x000000c0   Code   RO         3455    i.UART_Receive_IT   stm32f4xx_hal_uart.o
    0x08005276   0x00000002   PAD
    0x08005278   0x0000010c   Code   RO         3456    i.UART_SetConfig    stm32f4xx_hal_uart.o
    0x08005384   0x0000003a   Code   RO         3458    i.UART_Start_Receive_IT  stm32f4xx_hal_uart.o
    0x080053be   0x00000078   Code   RO         3459    i.UART_WaitOnFlagUntilTimeout  stm32f4xx_hal_uart.o
    0x08005436   0x00000002   PAD
    0x08005438   0x0000000c   Code   RO          475    i.USART1_IRQHandler  stm32f4xx_it.o
    0x08005444   0x00000002   Code   RO          476    i.UsageFault_Handler  stm32f4xx_it.o
    0x08005446   0x00000002   PAD
    0x08005448   0x00000020   Code   RO         4917    i.__0printf$3       mc_w.l(printf3.o)
    0x08005468   0x00000028   Code   RO         4919    i.__0sprintf$3      mc_w.l(printf3.o)
    0x08005490   0x00000020   Code   RO         1719    i.__NVIC_SetPriority  stm32f4xx_hal_cortex.o
    0x080054b0   0x0000000e   Code   RO         5167    i.__scatterload_copy  mc_w.l(handlers.o)
    0x080054be   0x00000002   Code   RO         5168    i.__scatterload_null  mc_w.l(handlers.o)
    0x080054c0   0x0000000e   Code   RO         5169    i.__scatterload_zeroinit  mc_w.l(handlers.o)
    0x080054ce   0x00000002   PAD
    0x080054d0   0x000001b8   Code   RO         4924    i._printf_core      mc_w.l(printf3.o)
    0x08005688   0x0000000a   Code   RO         4926    i._sputc            mc_w.l(printf3.o)
    0x08005692   0x00000002   PAD
    0x08005694   0x00000014   Code   RO         4348    i.delay_init        delay.o
    0x080056a8   0x0000001a   Code   RO         4349    i.delay_ms          delay.o
    0x080056c2   0x00000002   PAD
    0x080056c4   0x00000034   Code   RO         4350    i.delay_us          delay.o
    0x080056f8   0x0000001c   Code   RO          419    i.fputc             usart.o
    0x08005714   0x000000e0   Code   RO           17    i.main              main.o
    0x080057f4   0x00000008   Data   RO         1418    .constdata          stm32f4xx_hal_dma.o
    0x080057fc   0x00000010   Data   RO         3760    .constdata          system_stm32f4xx.o
    0x0800580c   0x00000008   Data   RO         3761    .constdata          system_stm32f4xx.o
    0x08005814   0x00000020   Data   RO         3800    .constdata          global.o
    0x08005834   0x00004000   Data   RO         3801    .constdata          global.o
    0x08009834   0x000007e4   Data   RO         3802    .constdata          global.o
    0x0800a018   0x000005f0   Data   RO         3803    .constdata          global.o
    0x0800a608   0x000017c0   Data   RO         3804    .constdata          global.o
    0x0800bdc8   0x000000aa   Data   RO         4073    .constdata          signaldraw.o
    0x0800be72   0x00000002   PAD
    0x0800be74   0x00000010   Data   RO         4557    .constdata          arm_cortexM4lf_math.lib(arm_const_structs.o)
    0x0800be84   0x00000010   Data   RO         4558    .constdata          arm_cortexM4lf_math.lib(arm_const_structs.o)
    0x0800be94   0x00000010   Data   RO         4559    .constdata          arm_cortexM4lf_math.lib(arm_const_structs.o)
    0x0800bea4   0x00000010   Data   RO         4560    .constdata          arm_cortexM4lf_math.lib(arm_const_structs.o)
    0x0800beb4   0x00000010   Data   RO         4561    .constdata          arm_cortexM4lf_math.lib(arm_const_structs.o)
    0x0800bec4   0x00000800   Data   RO         4721    .constdata          arm_cortexM4lf_math.lib(arm_common_tables.o)
    0x0800c6c4   0x00001000   Data   RO         4722    .constdata          arm_cortexM4lf_math.lib(arm_common_tables.o)
    0x0800d6c4   0x00002000   Data   RO         4723    .constdata          arm_cortexM4lf_math.lib(arm_common_tables.o)
    0x0800f6c4   0x00004000   Data   RO         4724    .constdata          arm_cortexM4lf_math.lib(arm_common_tables.o)
    0x080136c4   0x00008000   Data   RO         4725    .constdata          arm_cortexM4lf_math.lib(arm_common_tables.o)
    0x0801b6c4   0x00000370   Data   RO         4750    .constdata          arm_cortexM4lf_math.lib(arm_common_tables.o)
    0x0801ba34   0x00000380   Data   RO         4751    .constdata          arm_cortexM4lf_math.lib(arm_common_tables.o)
    0x0801bdb4   0x00000e10   Data   RO         4752    .constdata          arm_cortexM4lf_math.lib(arm_common_tables.o)
    0x0801cbc4   0x00001dc0   Data   RO         4753    .constdata          arm_cortexM4lf_math.lib(arm_common_tables.o)
    0x0801e984   0x00001f80   Data   RO         4754    .constdata          arm_cortexM4lf_math.lib(arm_common_tables.o)
    0x08020904   0x00000084   Data   RO          478    .conststring        stm32f4xx_it.o
    0x08020988   0x00000046   Data   RO         4191    .conststring        messagetr.o
    0x080209ce   0x00000002   PAD
    0x080209d0   0x00000040   Data   RO         5165    Region$$Table       anon$$obj.o


    Execution Region RW_IRAM2 (Base: 0x10000000, Size: 0x00008528, Max: 0x00010000, ABSOLUTE)

    Base Addr    Size         Type   Attr      Idx    E Section Name        Object

    0x10000000   0x00000010   Data   RW          479    .data               stm32f4xx_it.o
    0x10000010   0x00000002   Data   RW         3805    .data               global.o
    0x10000012   0x00000002   PAD
    0x10000014   0x00000004   Data   RW         3806    .data               global.o
    0x10000018   0x00000004   Data   RW         3808    .data               global.o
    0x1000001c   0x00000002   Data   RW         3811    .data               global.o
    0x1000001e   0x00000002   PAD
    0x10000020   0x00000004   Data   RW         3814    .data               global.o
    0x10000024   0x00000004   Data   RW         3816    .data               global.o
    0x10000028   0x00000001   Data   RW         3818    .data               global.o
    0x10000029   0x00000001   Data   RW         3820    .data               global.o
    0x1000002a   0x00000001   Data   RW         3823    .data               global.o
    0x1000002b   0x00000001   PAD
    0x1000002c   0x00000004   Data   RW         3824    .data               global.o
    0x10000030   0x0000000c   Data   RW         4020    .data               time.o
    0x1000003c   0x00000002   Data   RW         4117    .data               waveoperate.o
    0x1000003e   0x00000002   PAD
    0x10000040   0x00000004   Data   RW         4351    .data               delay.o
    0x10000044   0x00000048   Zero   RW          264    .bss                adc.o
    0x1000008c   0x00000048   Zero   RW          377    .bss                tim.o
    0x100000d4   0x00000044   Zero   RW          420    .bss                usart.o
    0x10000118   0x0000400c   Zero   RW         3796    .bss                global.o
    0x10004124   0x00004000   Zero   RW         3797    .bss                global.o
    0x10008124   0x00000004   PAD
    0x10008128   0x00000400   Zero   RW            1    STACK               startup_stm32f429xx.o


    Execution Region RW_IRAM1 (Base: 0x20000000, Size: 0x00028520, Max: 0x00030000, ABSOLUTE)

    Base Addr    Size         Type   Attr      Idx    E Section Name        Object

    0x20000000   0x0000000c   Data   RW         1865    .data               stm32f4xx_hal.o
    0x2000000c   0x00000004   Data   RW         3762    .data               system_stm32f4xx.o
    0x20000010   0x00000004   Data   RW         3807    .data               global.o
    0x20000014   0x00000004   Data   RW         3809    .data               global.o
    0x20000018   0x00000002   Data   RW         3812    .data               global.o
    0x2000001a   0x00000002   PAD
    0x2000001c   0x0000000c   Data   RW         3813    .data               global.o
    0x20000028   0x00000004   Data   RW         3815    .data               global.o
    0x2000002c   0x00000001   Data   RW         3817    .data               global.o
    0x2000002d   0x00000001   Data   RW         3819    .data               global.o
    0x2000002e   0x00000001   Data   RW         3821    .data               global.o
    0x2000002f   0x00000001   PAD
    0x20000030   0x00000004   Data   RW         3822    .data               global.o
    0x20000034   0x00000014   Data   RW         3845    .data               key.o
    0x20000048   0x00000004   Data   RW         3901    .data               basedraw.o
    0x2000004c   0x00000004   Data   RW         5128    .data               mc_w.l(stdout.o)
    0x20000050   0x000000b8   Zero   RW          335    .bss                spi.o
    0x20000108   0x00000100   Zero   RW          477    .bss                stm32f4xx_it.o
    0x20000208   0x00000018   Zero   RW         3793    .bss                global.o
    0x20000220   0x00000100   Zero   RW         3794    .bss                global.o
    0x20000320   0x0001c200   Zero   RW         3795    .bss                global.o
    0x2001c520   0x00008000   Zero   RW         3798    .bss                global.o
    0x20024520   0x00004000   Zero   RW         3799    .bss                global.o


==============================================================================

Image component sizes


      Code (inc. data)   RO Data    RW Data    ZI Data      Debug   Object Name

       220         30          0          0         72       2252   adc.o
       566         16          0          4          0       5173   basedraw.o
        72          0          0          0          0       1880   ch455h.o
       564         18          0          0          0       2561   ch455h_init.o
        98          8          0          4          0       1955   delay.o
        44          4          0          0          0        794   dma.o
         0          0      26036         60     197412       1849   global.o
       308         22          0          0          0       1115   gpio.o
      1056        114          0         20          0       4776   key.o
       784         56          0          0          0       7165   lcddraw.o
       598         94          0          0          0     779359   main.o
       672         50          0          0          0       5535   math.o
       472        178         70          0          0       4031   messagetr.o
      1076        106        170          0          0       2632   signaldraw.o
       276         34          0          0        184       1854   spi.o
        36          8        428          0       1024        844   startup_stm32f429xx.o
       144         24          0         12          0       8985   stm32f4xx_hal.o
       994         58          0          0          0       4406   stm32f4xx_hal_adc.o
       222         14          0          0          0      34657   stm32f4xx_hal_cortex.o
      1084         16          8          0          0       7430   stm32f4xx_hal_dma.o
       624         60          0          0          0       4187   stm32f4xx_hal_gpio.o
        48          6          0          0          0        874   stm32f4xx_hal_msp.o
       112         14          0          0          0       1304   stm32f4xx_hal_pwr_ex.o
      1348         76          0          0          0       5292   stm32f4xx_hal_rcc.o
      1184         26          0          0          0       9195   stm32f4xx_hal_spi.o
       786         72          0          0          0       7461   stm32f4xx_hal_tim.o
       148         28          0          0          0       2489   stm32f4xx_hal_tim_ex.o
      1672         16          0          0          0      11524   stm32f4xx_hal_uart.o
       496        128        132         16        256       7487   stm32f4xx_it.o
        16          4         24          4          0       1151   system_stm32f4xx.o
       128         18          0          0         72       1638   tim.o
        84         18          0         12          0       2188   time.o
       268          8          0          0          0       2157   transform.o
       208         26          0          0         68       2322   usart.o
       728        142          0          2          0       6524   waveoperate.o

    ----------------------------------------------------------------------
     17172       1492      26936        144     199092     945046   Object Totals
         0          0         64          0          0          0   (incl. Generated)
        36          0          4         10          4          0   (incl. Padding)

    ----------------------------------------------------------------------

      Code (inc. data)   RO Data    RW Data    ZI Data      Debug   Library Member Name

       192          0          0          0          0        572   arm_bitreversal2.o
      1826          0          0          0          0      17385   arm_cfft_f32.o
      1244          4          0          0          0       3123   arm_cfft_radix8_f32.o
       252          6          0          0          0      17652   arm_cmplx_mag_f32.o
         0          0      84544          0          0       4704   arm_common_tables.o
         0          0         80          0          0       4212   arm_const_structs.o
       216          0          0          0          0       1742   arm_max_f32.o
       216          0          0          0          0       1742   arm_min_f32.o
         0          0          0          0          0          0   entry.o
         0          0          0          0          0          0   entry10a.o
         0          0          0          0          0          0   entry11a.o
         8          4          0          0          0          0   entry2.o
         4          0          0          0          0          0   entry5.o
         0          0          0          0          0          0   entry7b.o
         0          0          0          0          0          0   entry8b.o
         8          4          0          0          0          0   entry9a.o
        30          0          0          0          0          0   handlers.o
        36          8          0          0          0         68   init.o
        30          0          0          0          0         68   llshl.o
        32          0          0          0          0         68   llushr.o
        64          0          0          0          0         76   memmovea.o
        36          0          0          0          0        108   memseta.o
       522         20          0          0          0        336   printf3.o
         0          0          0          4          0          0   stdout.o
        14          0          0          0          0         68   strlen.o
        36          0          0          0          0         80   strstr.o
        44          0          0          0          0         80   uidiv.o
        98          0          0          0          0         92   uldiv.o

    ----------------------------------------------------------------------
      4916         46      84624          4          0      52176   Library Totals
         8          0          0          0          0          0   (incl. Padding)

    ----------------------------------------------------------------------

      Code (inc. data)   RO Data    RW Data    ZI Data      Debug   Library Name

      3946         10      84624          0          0      51132   arm_cortexM4lf_math.lib
       962         36          0          4          0       1044   mc_w.l

    ----------------------------------------------------------------------
      4916         46      84624          4          0      52176   Library Totals

    ----------------------------------------------------------------------

==============================================================================


      Code (inc. data)   RO Data    RW Data    ZI Data      Debug   

     22088       1538     111560        148     199092     981558   Grand Totals
     22088       1538     111560        148     199092     981558   ELF Image Totals
     22088       1538     111560        148          0          0   ROM Totals

==============================================================================

    Total RO  Size (Code + RO Data)               133648 ( 130.52kB)
    Total RW  Size (RW Data + ZI Data)            199240 ( 194.57kB)
    Total ROM Size (Code + RO Data + RW Data)     133796 ( 130.66kB)

==============================================================================

